main.c:108:6:HAL_TIM_PeriodElapsedCallback	24	static
main.c:162:5:main	120	static
main.c:277:6:SystemClock_Config	88	static
main.c:328:13:MX_TIM1_Init	80	static
main.c:397:13:MX_TIM2_Init	56	static
main.c:446:13:MX_TIM3_Init	56	static
main.c:495:13:MX_TIM4_Init	32	static
main.c:540:13:MX_TIM5_Init	32	static
main.c:585:13:MX_USART2_UART_Init	8	static
main.c:616:13:MX_DMA_Init	16	static
main.c:637:13:MX_GPIO_Init	40	static
main.c:682:6:set_pwm1	16	static
main.c:705:6:set_pwm2	16	static
main.c:728:5:pid1	32	static
main.c:758:5:pid2	32	static
main.c:793:6:Error_Handler	4	static
