Archive member included to satisfy reference by file (symbol)

/opt/st/stm32cubeide_1.0.2/plugins/com.st.stm32cube.ide.mcu.externaltools.gnu-tools-for-stm32.7-2018-q2-update.linux64_1.0.0.201904181610/tools/bin/../lib/gcc/arm-none-eabi/7.3.1/../../../../arm-none-eabi/lib/thumb/v7e-m/fpv4-sp/hard/libstdc++_nano.a(pure.o)
                              Src/mainpp.o (__cxa_pure_virtual)
/opt/st/stm32cubeide_1.0.2/plugins/com.st.stm32cube.ide.mcu.externaltools.gnu-tools-for-stm32.7-2018-q2-update.linux64_1.0.0.201904181610/tools/bin/../lib/gcc/arm-none-eabi/7.3.1/../../../../arm-none-eabi/lib/thumb/v7e-m/fpv4-sp/hard/libstdc++_nano.a(eh_terminate.o)
                              /opt/st/stm32cubeide_1.0.2/plugins/com.st.stm32cube.ide.mcu.externaltools.gnu-tools-for-stm32.7-2018-q2-update.linux64_1.0.0.201904181610/tools/bin/../lib/gcc/arm-none-eabi/7.3.1/../../../../arm-none-eabi/lib/thumb/v7e-m/fpv4-sp/hard/libstdc++_nano.a(pure.o) (std::terminate())
/opt/st/stm32cubeide_1.0.2/plugins/com.st.stm32cube.ide.mcu.externaltools.gnu-tools-for-stm32.7-2018-q2-update.linux64_1.0.0.201904181610/tools/bin/../lib/gcc/arm-none-eabi/7.3.1/../../../../arm-none-eabi/lib/thumb/v7e-m/fpv4-sp/hard/libstdc++_nano.a(eh_unex_handler.o)
                              /opt/st/stm32cubeide_1.0.2/plugins/com.st.stm32cube.ide.mcu.externaltools.gnu-tools-for-stm32.7-2018-q2-update.linux64_1.0.0.201904181610/tools/bin/../lib/gcc/arm-none-eabi/7.3.1/../../../../arm-none-eabi/lib/thumb/v7e-m/fpv4-sp/hard/libstdc++_nano.a(eh_terminate.o) (__cxxabiv1::__unexpected_handler)
/opt/st/stm32cubeide_1.0.2/plugins/com.st.stm32cube.ide.mcu.externaltools.gnu-tools-for-stm32.7-2018-q2-update.linux64_1.0.0.201904181610/tools/bin/../lib/gcc/arm-none-eabi/7.3.1/../../../../arm-none-eabi/lib/thumb/v7e-m/fpv4-sp/hard/libstdc++_nano.a(eh_term_handler.o)
                              /opt/st/stm32cubeide_1.0.2/plugins/com.st.stm32cube.ide.mcu.externaltools.gnu-tools-for-stm32.7-2018-q2-update.linux64_1.0.0.201904181610/tools/bin/../lib/gcc/arm-none-eabi/7.3.1/../../../../arm-none-eabi/lib/thumb/v7e-m/fpv4-sp/hard/libstdc++_nano.a(eh_terminate.o) (__cxxabiv1::__terminate_handler)
/opt/st/stm32cubeide_1.0.2/plugins/com.st.stm32cube.ide.mcu.externaltools.gnu-tools-for-stm32.7-2018-q2-update.linux64_1.0.0.201904181610/tools/bin/../lib/gcc/arm-none-eabi/7.3.1/../../../../arm-none-eabi/lib/thumb/v7e-m/fpv4-sp/hard/libc_nano.a(lib_a-abort.o)
                              /opt/st/stm32cubeide_1.0.2/plugins/com.st.stm32cube.ide.mcu.externaltools.gnu-tools-for-stm32.7-2018-q2-update.linux64_1.0.0.201904181610/tools/bin/../lib/gcc/arm-none-eabi/7.3.1/../../../../arm-none-eabi/lib/thumb/v7e-m/fpv4-sp/hard/libstdc++_nano.a(eh_terminate.o) (abort)
/opt/st/stm32cubeide_1.0.2/plugins/com.st.stm32cube.ide.mcu.externaltools.gnu-tools-for-stm32.7-2018-q2-update.linux64_1.0.0.201904181610/tools/bin/../lib/gcc/arm-none-eabi/7.3.1/../../../../arm-none-eabi/lib/thumb/v7e-m/fpv4-sp/hard/libc_nano.a(lib_a-errno.o)
                              Src/syscalls.o (__errno)
/opt/st/stm32cubeide_1.0.2/plugins/com.st.stm32cube.ide.mcu.externaltools.gnu-tools-for-stm32.7-2018-q2-update.linux64_1.0.0.201904181610/tools/bin/../lib/gcc/arm-none-eabi/7.3.1/../../../../arm-none-eabi/lib/thumb/v7e-m/fpv4-sp/hard/libc_nano.a(lib_a-exit.o)
                              /opt/st/stm32cubeide_1.0.2/plugins/com.st.stm32cube.ide.mcu.externaltools.gnu-tools-for-stm32.7-2018-q2-update.linux64_1.0.0.201904181610/tools/bin/../lib/gcc/arm-none-eabi/7.3.1/../../../../arm-none-eabi/lib/thumb/v7e-m/fpv4-sp/hard/crt0.o (exit)
/opt/st/stm32cubeide_1.0.2/plugins/com.st.stm32cube.ide.mcu.externaltools.gnu-tools-for-stm32.7-2018-q2-update.linux64_1.0.0.201904181610/tools/bin/../lib/gcc/arm-none-eabi/7.3.1/../../../../arm-none-eabi/lib/thumb/v7e-m/fpv4-sp/hard/libc_nano.a(lib_a-impure.o)
                              /opt/st/stm32cubeide_1.0.2/plugins/com.st.stm32cube.ide.mcu.externaltools.gnu-tools-for-stm32.7-2018-q2-update.linux64_1.0.0.201904181610/tools/bin/../lib/gcc/arm-none-eabi/7.3.1/../../../../arm-none-eabi/lib/thumb/v7e-m/fpv4-sp/hard/libc_nano.a(lib_a-exit.o) (_global_impure_ptr)
/opt/st/stm32cubeide_1.0.2/plugins/com.st.stm32cube.ide.mcu.externaltools.gnu-tools-for-stm32.7-2018-q2-update.linux64_1.0.0.201904181610/tools/bin/../lib/gcc/arm-none-eabi/7.3.1/../../../../arm-none-eabi/lib/thumb/v7e-m/fpv4-sp/hard/libc_nano.a(lib_a-init.o)
                              /opt/st/stm32cubeide_1.0.2/plugins/com.st.stm32cube.ide.mcu.externaltools.gnu-tools-for-stm32.7-2018-q2-update.linux64_1.0.0.201904181610/tools/bin/../lib/gcc/arm-none-eabi/7.3.1/../../../../arm-none-eabi/lib/thumb/v7e-m/fpv4-sp/hard/crt0.o (__libc_init_array)
/opt/st/stm32cubeide_1.0.2/plugins/com.st.stm32cube.ide.mcu.externaltools.gnu-tools-for-stm32.7-2018-q2-update.linux64_1.0.0.201904181610/tools/bin/../lib/gcc/arm-none-eabi/7.3.1/../../../../arm-none-eabi/lib/thumb/v7e-m/fpv4-sp/hard/libc_nano.a(lib_a-malloc.o)
[...]
Memory Configuration

Name             Origin             Length             Attributes
RAM              0x0000000020000000 0x0000000000020000 xrw
FLASH            0x0000000008000000 0x0000000000080000 xr
*default*        0x0000000000000000 0xffffffffffffffff

Linker script and memory map

LOAD /opt/st/stm32cubeide_1.0.2/plugins/com.st.stm32cube.ide.mcu.externaltools.gnu-tools-for-stm32.7-2018-q2-update.linux64_1.0.0.201904181610/tools/bin/../lib/gcc/arm-none-eabi/7.3.1/thumb/v7e-m/fpv4-sp/hard/crti.o
LOAD /opt/st/stm32cubeide_1.0.2/plugins/com.st.stm32cube.ide.mcu.externaltools.gnu-tools-for-stm32.7-2018-q2-update.linux64_1.0.0.201904181610/tools/bin/../lib/gcc/arm-none-eabi/7.3.1/thumb/v7e-m/fpv4-sp/hard/crtbegin.o
LOAD /opt/st/stm32cubeide_1.0.2/plugins/com.st.stm32cube.ide.mcu.externaltools.gnu-tools-for-stm32.7-2018-q2-update.linux64_1.0.0.201904181610/tools/bin/../lib/gcc/arm-none-eabi/7.3.1/../../../../arm-none-eabi/lib/thumb/v7e-m/fpv4-sp/hard/crt0.o
LOAD Drivers/STM32F4xx_HAL_Driver/Src/stm32f4xx_hal.o
LOAD Drivers/STM32F4xx_HAL_Driver/Src/stm32f4xx_hal_cortex.o
LOAD Drivers/STM32F4xx_HAL_Driver/Src/stm32f4xx_hal_dma.o
LOAD Drivers/STM32F4xx_HAL_Driver/Src/stm32f4xx_hal_dma_ex.o
LOAD Drivers/STM32F4xx_HAL_Driver/Src/stm32f4xx_hal_exti.o
LOAD Drivers/STM32F4xx_HAL_Driver/Src/stm32f4xx_hal_flash.o
LOAD Drivers/STM32F4xx_HAL_Driver/Src/stm32f4xx_hal_flash_ex.o
LOAD Drivers/STM32F4xx_HAL_Driver/Src/stm32f4xx_hal_flash_ramfunc.o
LOAD Drivers/STM32F4xx_HAL_Driver/Src/stm32f4xx_hal_gpio.o
LOAD Drivers/STM32F4xx_HAL_Driver/Src/stm32f4xx_hal_pwr.o
LOAD Drivers/STM32F4xx_HAL_Driver/Src/stm32f4xx_hal_pwr_ex.o
LOAD Drivers/STM32F4xx_HAL_Driver/Src/stm32f4xx_hal_rcc.o
LOAD Drivers/STM32F4xx_HAL_Driver/Src/stm32f4xx_hal_rcc_ex.o
LOAD Drivers/STM32F4xx_HAL_Driver/Src/stm32f4xx_hal_tim.o
LOAD Drivers/STM32F4xx_HAL_Driver/Src/stm32f4xx_hal_tim_ex.o
LOAD Drivers/STM32F4xx_HAL_Driver/Src/stm32f4xx_hal_uart.o
LOAD Inc/duration.o
LOAD Inc/time.o
LOAD Src/main.o
LOAD Src/mainpp.o
LOAD Src/stm32f4xx_hal_msp.o
LOAD Src/stm32f4xx_it.o
LOAD Src/syscalls.o
LOAD Src/sysmem.o
LOAD Src/system_stm32f4xx.o
LOAD Startup/startup_stm32f446retx.o
START GROUP
LOAD /opt/st/stm32cubeide_1.0.2/plugins/com.st.stm32cube.ide.mcu.externaltools.gnu-tools-for-stm32.7-2018-q2-update.linux64_1.0.0.201904181610/tools/bin/../lib/gcc/arm-none-eabi/7.3.1/../../../../arm-none-eabi/lib/thumb/v7e-m/fpv4-sp/hard/libstdc++_nano.a
LOAD /opt/st/stm32cubeide_1.0.2/plugins/com.st.stm32cube.ide.mcu.externaltools.gnu-tools-for-stm32.7-2018-q2-update.linux64_1.0.0.201904181610/tools/bin/../lib/gcc/arm-none-eabi/7.3.1/../../../../arm-none-eabi/lib/thumb/v7e-m/fpv4-sp/hard/libsupc++_nano.a
END GROUP
LOAD /opt/st/stm32cubeide_1.0.2/plugins/com.st.stm32cube.ide.mcu.externaltools.gnu-tools-for-stm32.7-2018-q2-update.linux64_1.0.0.201904181610/tools/bin/../lib/gcc/arm-none-eabi/7.3.1/../../../../arm-none-eabi/lib/thumb/v7e-m/fpv4-sp/hard/libstdc++_nano.a
LOAD /opt/st/stm32cubeide_1.0.2/plugins/com.st.stm32cube.ide.mcu.externaltools.gnu-tools-for-stm32.7-2018-q2-update.linux64_1.0.0.201904181610/tools/bin/../lib/gcc/arm-none-eabi/7.3.1/../../../../arm-none-eabi/lib/thumb/v7e-m/fpv4-sp/hard/libm.a
LOAD /opt/st/stm32cubeide_1.0.2/plugins/com.st.stm32cube.ide.mcu.externaltools.gnu-tools-for-stm32.7-2018-q2-update.linux64_1.0.0.201904181610/tools/bin/../lib/gcc/arm-none-eabi/7.3.1/../../../../arm-none-eabi/lib/thumb/v7e-m/fpv4-sp/hard/libc_nano.a
START GROUP
LOAD /opt/st/stm32cubeide_1.0.2/plugins/com.st.stm32cube.ide.mcu.externaltools.gnu-tools-for-stm32.7-2018-q2-update.linux64_1.0.0.201904181610/tools/bin/../lib/gcc/arm-none-eabi/7.3.1/thumb/v7e-m/fpv4-sp/hard/libgcc.a
LOAD /opt/st/stm32cubeide_1.0.2/plugins/com.st.stm32cube.ide.mcu.externaltools.gnu-tools-for-stm32.7-2018-q2-update.linux64_1.0.0.201904181610/tools/bin/../lib/gcc/arm-none-eabi/7.3.1/../../../../arm-none-eabi/lib/thumb/v7e-m/fpv4-sp/hard/libc_nano.a
END GROUP
START GROUP
LOAD /opt/st/stm32cubeide_1.0.2/plugins/com.st.stm32cube.ide.mcu.externaltools.gnu-tools-for-stm32.7-2018-q2-update.linux64_1.0.0.201904181610/tools/bin/../lib/gcc/arm-none-eabi/7.3.1/thumb/v7e-m/fpv4-sp/hard/libgcc.a
LOAD /opt/st/stm32cubeide_1.0.2/plugins/com.st.stm32cube.ide.mcu.externaltools.gnu-tools-for-stm32.7-2018-q2-update.linux64_1.0.0.201904181610/tools/bin/../lib/gcc/arm-none-eabi/7.3.1/../../../../arm-none-eabi/lib/thumb/v7e-m/fpv4-sp/hard/libc_nano.a
LOAD /opt/st/stm32cubeide_1.0.2/plugins/com.st.stm32cube.ide.mcu.externaltools.gnu-tools-for-stm32.7-2018-q2-update.linux64_1.0.0.201904181610/tools/bin/../lib/gcc/arm-none-eabi/7.3.1/../../../../arm-none-eabi/lib/thumb/v7e-m/fpv4-sp/hard/libnosys.a
END GROUP
START GROUP
LOAD /opt/st/stm32cubeide_1.0.2/plugins/com.st.stm32cube.ide.mcu.externaltools.gnu-tools-for-stm32.7-2018-q2-update.linux64_1.0.0.201904181610/tools/bin/../lib/gcc/arm-none-eabi/7.3.1/thumb/v7e-m/fpv4-sp/hard/libgcc.a
LOAD /opt/st/stm32cubeide_1.0.2/plugins/com.st.stm32cube.ide.mcu.externaltools.gnu-tools-for-stm32.7-2018-q2-update.linux64_1.0.0.201904181610/tools/bin/../lib/gcc/arm-none-eabi/7.3.1/../../../../arm-none-eabi/lib/thumb/v7e-m/fpv4-sp/hard/libc_nano.a
LOAD /opt/st/stm32cubeide_1.0.2/plugins/com.st.stm32cube.ide.mcu.externaltools.gnu-tools-for-stm32.7-2018-q2-update.linux64_1.0.0.201904181610/tools/bin/../lib/gcc/arm-none-eabi/7.3.1/../../../../arm-none-eabi/lib/thumb/v7e-m/fpv4-sp/hard/libnosys.a
END GROUP
LOAD /opt/st/stm32cubeide_1.0.2/plugins/com.st.stm32cube.ide.mcu.externaltools.gnu-tools-for-stm32.7-2018-q2-update.linux64_1.0.0.201904181610/tools/bin/../lib/gcc/arm-none-eabi/7.3.1/thumb/v7e-m/fpv4-sp/hard/crtend.o
LOAD /opt/st/stm32cubeide_1.0.2/plugins/com.st.stm32cube.ide.mcu.externaltools.gnu-tools-for-stm32.7-2018-q2-update.linux64_1.0.0.201904181610/tools/bin/../lib/gcc/arm-none-eabi/7.3.1/thumb/v7e-m/fpv4-sp/hard/crtn.o
                0x0000000020020000                _estack = 0x20020000
                0x0000000000000200                _Min_Heap_Size = 0x200
                0x0000000000000400                _Min_Stack_Size = 0x400

.isr_vector     0x0000000008000000      0x1c4
                0x0000000008000000                . = ALIGN (0x4)
 *(.isr_vector)
 .isr_vector    0x0000000008000000      0x1c4 Startup/startup_stm32f446retx.o
                0x0000000008000000                g_pfnVectors
                0x00000000080001c4                . = ALIGN (0x4)

.text           0x00000000080001c8     0x8bd4
                0x00000000080001c8                . = ALIGN (0x4)
 *(.text)
 .text          0x00000000080001c8       0x40 /opt/st/stm32cubeide_1.0.2/plugins/com.st.stm32cube.ide.mcu.externaltools.gnu-tools-for-stm32.7-2018-q2-update.linux64_1.0.0.201904181610/tools/bin/../lib/gcc/arm-none-eabi/7.3.1/thumb/v7e-m/fpv4-sp/hard/crtbegin.o
 .text          0x0000000008000208       0x10 /opt/st/stm32cubeide_1.0.2/plugins/com.st.stm32cube.ide.mcu.externaltools.gnu-tools-for-stm32.7-2018-q2-update.linux64_1.0.0.201904181610/tools/bin/../lib/gcc/arm-none-eabi/7.3.1/../../../../arm-none-eabi/lib/thumb/v7e-m/fpv4-sp/hard/libc_nano.a(lib_a-strlen.o)
                0x0000000008000208                strlen
 .text          0x0000000008000218      0x378 /opt/st/stm32cubeide_1.0.2/plugins/com.st.stm32cube.ide.mcu.externaltools.gnu-tools-for-stm32.7-2018-q2-update.linux64_1.0.0.201904181610/tools/bin/../lib/gcc/arm-none-eabi/7.3.1/thumb/v7e-m/fpv4-sp/hard/libgcc.a(_arm_addsubdf3.o)
                0x0000000008000218                __aeabi_drsub
                0x0000000008000220                __aeabi_dsub
                0x0000000008000220                __subdf3
                0x0000000008000224                __adddf3
                0x0000000008000224                __aeabi_dadd
                0x000000000800049c                __aeabi_ui2d
                0x000000000800049c                __floatunsidf
                0x00000000080004bc                __floatsidf
                0x00000000080004bc                __aeabi_i2d
                0x00000000080004e0                __extendsfdf2
                0x00000000080004e0                __aeabi_f2d
                0x0000000008000524                __aeabi_ul2d
                0x0000000008000524                __floatundidf
                0x0000000008000534                __floatdidf
                0x0000000008000534                __aeabi_l2d
 .text          0x0000000008000590      0x424 /opt/st/stm32cubeide_1.0.2/plugins/com.st.stm32cube.ide.mcu.externaltools.gnu-tools-for-stm32.7-2018-q2-update.linux64_1.0.0.201904181610/tools/bin/../lib/gcc/arm-none-eabi/7.3.1/thumb/v7e-m/fpv4-sp/hard/libgcc.a(_arm_muldivdf3.o)
                0x0000000008000590                __aeabi_dmul
                0x0000000008000590                __muldf3
                0x00000000080007e4                __aeabi_ddiv
                0x00000000080007e4                __divdf3
 .text          0x00000000080009b4      0x110 /opt/st/stm32cubeide_1.0.2/plugins/com.st.stm32cube.ide.mcu.externaltools.gnu-tools-for-stm32.7-2018-q2-update.linux64_1.0.0.201904181610/tools/bin/../lib/gcc/arm-none-eabi/7.3.1/thumb/v7e-m/fpv4-sp/hard/libgcc.a(_arm_cmpdf2.o)
                0x00000000080009b4                __gtdf2
                0x00000000080009b4                __gedf2
                0x00000000080009bc                __ltdf2
                0x00000000080009bc                __ledf2
                0x00000000080009c4                __cmpdf2
                0x00000000080009c4                __eqdf2
                0x00000000080009c4                __nedf2
                0x0000000008000a40                __aeabi_cdrcmple
                0x0000000008000a50                __aeabi_cdcmple
                0x0000000008000a50                __aeabi_cdcmpeq
                0x0000000008000a60                __aeabi_dcmpeq
                0x0000000008000a74                __aeabi_dcmplt
                0x0000000008000a88                __aeabi_dcmple
                0x0000000008000a9c                __aeabi_dcmpge
                0x0000000008000ab0                __aeabi_dcmpgt
 .text          0x0000000008000ac4       0x50 /opt/st/stm32cubeide_1.0.2/plugins/com.st.stm32cube.ide.mcu.externaltools.gnu-tools-for-stm32.7-2018-q2-update.linux64_1.0.0.201904181610/tools/bin/../lib/gcc/arm-none-eabi/7.3.1/thumb/v7e-m/fpv4-sp/hard/libgcc.a(_arm_fixdfsi.o)
                0x0000000008000ac4                __fixdfsi
                0x0000000008000ac4                __aeabi_d2iz
 .text          0x0000000008000b14       0x30 /opt/st/stm32cubeide_1.0.2/plugins/com.st.stm32cube.ide.mcu.externaltools.gnu-tools-for-stm32.7-2018-q2-update.linux64_1.0.0.201904181610/tools/bin/../lib/gcc/arm-none-eabi/7.3.1/thumb/v7e-m/fpv4-sp/hard/libgcc.a(_aeabi_uldivmod.o)
                0x0000000008000b14                __aeabi_uldivmod
 .text          0x0000000008000b44      0x2cc /opt/st/stm32cubeide_1.0.2/plugins/com.st.stm32cube.ide.mcu.externaltools.gnu-tools-for-stm32.7-2018-q2-update.linux64_1.0.0.201904181610/tools/bin/../lib/gcc/arm-none-eabi/7.3.1/thumb/v7e-m/fpv4-sp/hard/libgcc.a(_udivmoddi4.o)
                0x0000000008000b44                __udivmoddi4
 .text          0x0000000008000e10        0x4 /opt/st/stm32cubeide_1.0.2/plugins/com.st.stm32cube.ide.mcu.externaltools.gnu-tools-for-stm32.7-2018-q2-update.linux64_1.0.0.201904181610/tools/bin/../lib/gcc/arm-none-eabi/7.3.1/thumb/v7e-m/fpv4-sp/hard/libgcc.a(_dvmd_tls.o)
                0x0000000008000e10                __aeabi_ldiv0
                0x0000000008000e10                __aeabi_idiv0
 *(.text*)
 .text.HAL_Init
                0x0000000008000e14       0x44 Drivers/STM32F4xx_HAL_Driver/Src/stm32f4xx_hal.o
                0x0000000008000e14                HAL_Init
 .text.HAL_InitTick
                0x0000000008000e58       0x60 Drivers/STM32F4xx_HAL_Driver/Src/stm32f4xx_hal.o
                0x0000000008000e58                HAL_InitTick
 .text.HAL_IncTick
                0x0000000008000eb8       0x28 Drivers/STM32F4xx_HAL_Driver/Src/stm32f4xx_hal.o
                0x0000000008000eb8                HAL_IncTick
 .text.HAL_GetTick
                0x0000000008000ee0       0x18 Drivers/STM32F4xx_HAL_Driver/Src/stm32f4xx_hal.o
                0x0000000008000ee0                HAL_GetTick
 .text.HAL_Delay
                0x0000000008000ef8       0x44 Drivers/STM32F4xx_HAL_Driver/Src/stm32f4xx_hal.o
                0x0000000008000ef8                HAL_Delay
 .text.__NVIC_SetPriorityGrouping
                0x0000000008000f3c       0x48 Drivers/STM32F4xx_HAL_Driver/Src/stm32f4xx_hal_cortex.o
 .text.__NVIC_GetPriorityGrouping
                0x0000000008000f84       0x1c Drivers/STM32F4xx_HAL_Driver/Src/stm32f4xx_hal_cortex.o
 .text.__NVIC_EnableIRQ
                0x0000000008000fa0       0x3c Drivers/STM32F4xx_HAL_Driver/Src/stm32f4xx_hal_cortex.o
 .text.__NVIC_SetPriority
                0x0000000008000fdc       0x54 Drivers/STM32F4xx_HAL_Driver/Src/stm32f4xx_hal_cortex.o
 .text.NVIC_EncodePriority
                0x0000000008001030       0x66 Drivers/STM32F4xx_HAL_Driver/Src/stm32f4xx_hal_cortex.o
 *fill*         0x0000000008001096        0x2 
 .text.SysTick_Config
                0x0000000008001098       0x44 Drivers/STM32F4xx_HAL_Driver/Src/stm32f4xx_hal_cortex.o
 .text.HAL_NVIC_SetPriorityGrouping
                0x00000000080010dc       0x16 Drivers/STM32F4xx_HAL_Driver/Src/stm32f4xx_hal_cortex.o
                0x00000000080010dc                HAL_NVIC_SetPriorityGrouping
 .text.HAL_NVIC_SetPriority
                0x00000000080010f2       0x38 Drivers/STM32F4xx_HAL_Driver/Src/stm32f4xx_hal_cortex.o
                0x00000000080010f2                HAL_NVIC_SetPriority
 .text.HAL_NVIC_EnableIRQ
                0x000000000800112a       0x1c Drivers/STM32F4xx_HAL_Driver/Src/stm32f4xx_hal_cortex.o
                0x000000000800112a                HAL_NVIC_EnableIRQ
 .text.HAL_SYSTICK_Config
                0x0000000008001146       0x18 Drivers/STM32F4xx_HAL_Driver/Src/stm32f4xx_hal_cortex.o
                0x0000000008001146                HAL_SYSTICK_Config
 *fill*         0x000000000800115e        0x2 
 .text.HAL_DMA_Init
                0x0000000008001160      0x15c Drivers/STM32F4xx_HAL_Driver/Src/stm32f4xx_hal_dma.o
                0x0000000008001160                HAL_DMA_Init
 .text.HAL_DMA_Start_IT
                0x00000000080012bc       0xb0 Drivers/STM32F4xx_HAL_Driver/Src/stm32f4xx_hal_dma.o
                0x00000000080012bc                HAL_DMA_Start_IT
 .text.HAL_DMA_Abort_IT
                0x000000000800136c       0x44 Drivers/STM32F4xx_HAL_Driver/Src/stm32f4xx_hal_dma.o
                0x000000000800136c                HAL_DMA_Abort_IT
 .text.HAL_DMA_IRQHandler
                0x00000000080013b0      0x314 Drivers/STM32F4xx_HAL_Driver/Src/stm32f4xx_hal_dma.o
                0x00000000080013b0                HAL_DMA_IRQHandler
 .text.DMA_SetConfig
                0x00000000080016c4       0x5c Drivers/STM32F4xx_HAL_Driver/Src/stm32f4xx_hal_dma.o
 .text.DMA_CalcBaseAndBitshift
                0x0000000008001720       0x6c Drivers/STM32F4xx_HAL_Driver/Src/stm32f4xx_hal_dma.o
 .text.DMA_CheckFifoParam
                0x000000000800178c       0xf4 Drivers/STM32F4xx_HAL_Driver/Src/stm32f4xx_hal_dma.o
 .text.HAL_GPIO_Init
                0x0000000008001880      0x324 Drivers/STM32F4xx_HAL_Driver/Src/stm32f4xx_hal_gpio.o
                0x0000000008001880                HAL_GPIO_Init
 .text.HAL_GPIO_WritePin
                0x0000000008001ba4       0x32 Drivers/STM32F4xx_HAL_Driver/Src/stm32f4xx_hal_gpio.o
                0x0000000008001ba4                HAL_GPIO_WritePin
 *fill*         0x0000000008001bd6        0x2 
 .text.HAL_PWREx_EnableOverDrive
                0x0000000008001bd8       0xa0 Drivers/STM32F4xx_HAL_Driver/Src/stm32f4xx_hal_pwr_ex.o
                0x0000000008001bd8                HAL_PWREx_EnableOverDrive
 .text.HAL_RCC_ClockConfig
                0x0000000008001c78      0x1cc Drivers/STM32F4xx_HAL_Driver/Src/stm32f4xx_hal_rcc.o
                0x0000000008001c78                HAL_RCC_ClockConfig
 .text.HAL_RCC_GetHCLKFreq
                0x0000000008001e44       0x18 Drivers/STM32F4xx_HAL_Driver/Src/stm32f4xx_hal_rcc.o
                0x0000000008001e44                HAL_RCC_GetHCLKFreq
 .text.HAL_RCC_GetPCLK1Freq
                0x0000000008001e5c       0x28 Drivers/STM32F4xx_HAL_Driver/Src/stm32f4xx_hal_rcc.o
                0x0000000008001e5c                HAL_RCC_GetPCLK1Freq
 .text.HAL_RCC_GetPCLK2Freq
                0x0000000008001e84       0x28 Drivers/STM32F4xx_HAL_Driver/Src/stm32f4xx_hal_rcc.o
                0x0000000008001e84                HAL_RCC_GetPCLK2Freq
 .text.HAL_RCC_GetSysClockFreq
                0x0000000008001eac      0x2a4 Drivers/STM32F4xx_HAL_Driver/Src/stm32f4xx_hal_rcc_ex.o
                0x0000000008001eac                HAL_RCC_GetSysClockFreq
 .text.HAL_RCC_OscConfig
                0x0000000008002150      0x4b4 Drivers/STM32F4xx_HAL_Driver/Src/stm32f4xx_hal_rcc_ex.o
                0x0000000008002150                HAL_RCC_OscConfig
 .text.HAL_TIM_Base_Init
                0x0000000008002604       0x56 Drivers/STM32F4xx_HAL_Driver/Src/stm32f4xx_hal_tim.o
                0x0000000008002604                HAL_TIM_Base_Init
 .text.HAL_TIM_Base_Start_IT
                0x000000000800265a       0x48 Drivers/STM32F4xx_HAL_Driver/Src/stm32f4xx_hal_tim.o
                0x000000000800265a                HAL_TIM_Base_Start_IT
 .text.HAL_TIM_PWM_Init
                0x00000000080026a2       0x56 Drivers/STM32F4xx_HAL_Driver/Src/stm32f4xx_hal_tim.o
                0x00000000080026a2                HAL_TIM_PWM_Init
 .text.HAL_TIM_PWM_Start
                0x00000000080026f8       0x7c Drivers/STM32F4xx_HAL_Driver/Src/stm32f4xx_hal_tim.o
                0x00000000080026f8                HAL_TIM_PWM_Start
 .text.HAL_TIM_Encoder_Init
                0x0000000008002774      0x124 Drivers/STM32F4xx_HAL_Driver/Src/stm32f4xx_hal_tim.o
                0x0000000008002774                HAL_TIM_Encoder_Init
 .text.HAL_TIM_Encoder_Start
                0x0000000008002898       0x6e Drivers/STM32F4xx_HAL_Driver/Src/stm32f4xx_hal_tim.o
                0x0000000008002898                HAL_TIM_Encoder_Start
 .text.HAL_TIM_IRQHandler
                0x0000000008002906      0x210 Drivers/STM32F4xx_HAL_Driver/Src/stm32f4xx_hal_tim.o
                0x0000000008002906                HAL_TIM_IRQHandler
 *fill*         0x0000000008002b16        0x2 
 .text.HAL_TIM_PWM_ConfigChannel
                0x0000000008002b18      0x18c Drivers/STM32F4xx_HAL_Driver/Src/stm32f4xx_hal_tim.o
                0x0000000008002b18                HAL_TIM_PWM_ConfigChannel
 .text.HAL_TIM_ConfigClockSource
                0x0000000008002ca4      0x16e Drivers/STM32F4xx_HAL_Driver/Src/stm32f4xx_hal_tim.o
                0x0000000008002ca4                HAL_TIM_ConfigClockSource
 .text.HAL_TIM_OC_DelayElapsedCallback
                0x0000000008002e12       0x14 Drivers/STM32F4xx_HAL_Driver/Src/stm32f4xx_hal_tim.o
                0x0000000008002e12                HAL_TIM_OC_DelayElapsedCallback
 .text.HAL_TIM_IC_CaptureCallback
                0x0000000008002e26       0x14 Drivers/STM32F4xx_HAL_Driver/Src/stm32f4xx_hal_tim.o
                0x0000000008002e26                HAL_TIM_IC_CaptureCallback
 .text.HAL_TIM_PWM_PulseFinishedCallback
                0x0000000008002e3a       0x14 Drivers/STM32F4xx_HAL_Driver/Src/stm32f4xx_hal_tim.o
                0x0000000008002e3a                HAL_TIM_PWM_PulseFinishedCallback
 .text.HAL_TIM_TriggerCallback
                0x0000000008002e4e       0x14 Drivers/STM32F4xx_HAL_Driver/Src/stm32f4xx_hal_tim.o
                0x0000000008002e4e                HAL_TIM_TriggerCallback
 *fill*         0x0000000008002e62        0x2 
 .text.TIM_Base_SetConfig
                0x0000000008002e64      0x140 Drivers/STM32F4xx_HAL_Driver/Src/stm32f4xx_hal_tim.o
                0x0000000008002e64                TIM_Base_SetConfig
 .text.TIM_OC1_SetConfig
                0x0000000008002fa4       0xe0 Drivers/STM32F4xx_HAL_Driver/Src/stm32f4xx_hal_tim.o
 .text.TIM_OC2_SetConfig
                0x0000000008003084       0xec Drivers/STM32F4xx_HAL_Driver/Src/stm32f4xx_hal_tim.o
                0x0000000008003084                TIM_OC2_SetConfig
 .text.TIM_OC3_SetConfig
                0x0000000008003170       0xe8 Drivers/STM32F4xx_HAL_Driver/Src/stm32f4xx_hal_tim.o
 .text.TIM_OC4_SetConfig
                0x0000000008003258       0xac Drivers/STM32F4xx_HAL_Driver/Src/stm32f4xx_hal_tim.o
 .text.TIM_TI1_ConfigInputStage
                0x0000000008003304       0x5e Drivers/STM32F4xx_HAL_Driver/Src/stm32f4xx_hal_tim.o
 .text.TIM_TI2_ConfigInputStage
                0x0000000008003362       0x60 Drivers/STM32F4xx_HAL_Driver/Src/stm32f4xx_hal_tim.o
 .text.TIM_ITRx_SetConfig
                0x00000000080033c2       0x36 Drivers/STM32F4xx_HAL_Driver/Src/stm32f4xx_hal_tim.o
 .text.TIM_ETR_SetConfig
                0x00000000080033f8       0x40 Drivers/STM32F4xx_HAL_Driver/Src/stm32f4xx_hal_tim.o
                0x00000000080033f8                TIM_ETR_SetConfig
 .text.TIM_CCxChannelCmd
                0x0000000008003438       0x4a Drivers/STM32F4xx_HAL_Driver/Src/stm32f4xx_hal_tim.o
                0x0000000008003438                TIM_CCxChannelCmd
 *fill*         0x0000000008003482        0x2 
 .text.HAL_TIMEx_MasterConfigSynchronization
                0x0000000008003484       0xf8 Drivers/STM32F4xx_HAL_Driver/Src/stm32f4xx_hal_tim_ex.o
                0x0000000008003484                HAL_TIMEx_MasterConfigSynchronization
 .text.HAL_TIMEx_ConfigBreakDeadTime
                0x000000000800357c       0xa4 Drivers/STM32F4xx_HAL_Driver/Src/stm32f4xx_hal_tim_ex.o
                0x000000000800357c                HAL_TIMEx_ConfigBreakDeadTime
 .text.HAL_TIMEx_CommutCallback
                0x0000000008003620       0x14 Drivers/STM32F4xx_HAL_Driver/Src/stm32f4xx_hal_tim_ex.o
                0x0000000008003620                HAL_TIMEx_CommutCallback
 .text.HAL_TIMEx_BreakCallback
                0x0000000008003634       0x14 Drivers/STM32F4xx_HAL_Driver/Src/stm32f4xx_hal_tim_ex.o
                0x0000000008003634                HAL_TIMEx_BreakCallback
 .text.HAL_UART_Init
                0x0000000008003648       0x9a Drivers/STM32F4xx_HAL_Driver/Src/stm32f4xx_hal_uart.o
                0x0000000008003648                HAL_UART_Init
 *fill*         0x00000000080036e2        0x2 
 .text.HAL_UART_Transmit_DMA
                0x00000000080036e4       0xd8 Drivers/STM32F4xx_HAL_Driver/Src/stm32f4xx_hal_uart.o
                0x00000000080036e4                HAL_UART_Transmit_DMA
 .text.HAL_UART_Receive_DMA
                0x00000000080037bc      0x100 Drivers/STM32F4xx_HAL_Driver/Src/stm32f4xx_hal_uart.o
                0x00000000080037bc                HAL_UART_Receive_DMA
 .text.HAL_UART_IRQHandler
                0x00000000080038bc      0x200 Drivers/STM32F4xx_HAL_Driver/Src/stm32f4xx_hal_uart.o
                0x00000000080038bc                HAL_UART_IRQHandler
 .text.HAL_UART_TxHalfCpltCallback
                0x0000000008003abc       0x14 Drivers/STM32F4xx_HAL_Driver/Src/stm32f4xx_hal_uart.o
                0x0000000008003abc                HAL_UART_TxHalfCpltCallback
 .text.HAL_UART_RxHalfCpltCallback
                0x0000000008003ad0       0x14 Drivers/STM32F4xx_HAL_Driver/Src/stm32f4xx_hal_uart.o
                0x0000000008003ad0                HAL_UART_RxHalfCpltCallback
 .text.HAL_UART_ErrorCallback
                0x0000000008003ae4       0x14 Drivers/STM32F4xx_HAL_Driver/Src/stm32f4xx_hal_uart.o
                0x0000000008003ae4                HAL_UART_ErrorCallback
 .text.UART_DMATransmitCplt
                0x0000000008003af8       0x52 Drivers/STM32F4xx_HAL_Driver/Src/stm32f4xx_hal_uart.o
 .text.UART_DMATxHalfCplt
                0x0000000008003b4a       0x1c Drivers/STM32F4xx_HAL_Driver/Src/stm32f4xx_hal_uart.o
 .text.UART_DMAReceiveCplt
                0x0000000008003b66       0x68 Drivers/STM32F4xx_HAL_Driver/Src/stm32f4xx_hal_uart.o
 .text.UART_DMARxHalfCplt
                0x0000000008003bce       0x1c Drivers/STM32F4xx_HAL_Driver/Src/stm32f4xx_hal_uart.o
 .text.UART_DMAError
                0x0000000008003bea       0x94 Drivers/STM32F4xx_HAL_Driver/Src/stm32f4xx_hal_uart.o
 .text.UART_EndTxTransfer
                0x0000000008003c7e       0x2c Drivers/STM32F4xx_HAL_Driver/Src/stm32f4xx_hal_uart.o
 .text.UART_EndRxTransfer
                0x0000000008003caa       0x3c Drivers/STM32F4xx_HAL_Driver/Src/stm32f4xx_hal_uart.o
 .text.UART_DMAAbortOnError
                0x0000000008003ce6       0x28 Drivers/STM32F4xx_HAL_Driver/Src/stm32f4xx_hal_uart.o
 .text.UART_Transmit_IT
                0x0000000008003d0e       0xac Drivers/STM32F4xx_HAL_Driver/Src/stm32f4xx_hal_uart.o
 .text.UART_EndTransmit_IT
                0x0000000008003dba       0x30 Drivers/STM32F4xx_HAL_Driver/Src/stm32f4xx_hal_uart.o
 .text.UART_Receive_IT
                0x0000000008003dea      0x102 Drivers/STM32F4xx_HAL_Driver/Src/stm32f4xx_hal_uart.o
 .text.UART_SetConfig
                0x0000000008003eec      0x6f8 Drivers/STM32F4xx_HAL_Driver/Src/stm32f4xx_hal_uart.o
 .text._ZN3ros16normalizeSecNSecERmS0_
                0x00000000080045e4       0x58 Inc/time.o
                0x00000000080045e4                ros::normalizeSecNSec(unsigned long&, unsigned long&)
 .text.HAL_TIM_PeriodElapsedCallback
                0x000000000800463c      0x120 Src/main.o
                0x000000000800463c                HAL_TIM_PeriodElapsedCallback
 *fill*         0x000000000800475c        0x4 
 .text.main     0x0000000008004760      0x238 Src/main.o
                0x0000000008004760                main
 .text.SystemClock_Config
                0x0000000008004998       0xe8 Src/main.o
                0x0000000008004998                SystemClock_Config
 .text.MX_TIM1_Init
                0x0000000008004a80      0x120 Src/main.o
 .text.MX_TIM2_Init
                0x0000000008004ba0       0xa8 Src/main.o
 .text.MX_TIM3_Init
                0x0000000008004c48       0xa8 Src/main.o
 .text.MX_TIM4_Init
                0x0000000008004cf0       0x9c Src/main.o
 .text.MX_TIM5_Init
                0x0000000008004d8c       0x98 Src/main.o
 .text.MX_USART2_UART_Init
                0x0000000008004e24       0x54 Src/main.o
 .text.MX_DMA_Init
                0x0000000008004e78       0x50 Src/main.o
 .text.MX_GPIO_Init
                0x0000000008004ec8       0xf8 Src/main.o
 .text.set_pwm1
                0x0000000008004fc0       0x54 Src/main.o
                0x0000000008004fc0                set_pwm1
 .text.set_pwm2
                0x0000000008005014       0x54 Src/main.o
                0x0000000008005014                set_pwm2
 .text.pid1     0x0000000008005068      0x180 Src/main.o
                0x0000000008005068                pid1
 .text.pid2     0x00000000080051e8      0x164 Src/main.o
                0x00000000080051e8                pid2
 .text.Error_Handler
                0x000000000800534c        0xe Src/main.o
                0x000000000800534c                Error_Handler
 .text._ZN3ros4TimeC2Ev
                0x000000000800535a       0x22 Src/mainpp.o
                0x000000000800535a                ros::Time::Time()
                0x000000000800535a                ros::Time::Time()
 .text._ZN3ros3MsgC2Ev
                0x000000000800537c       0x20 Src/mainpp.o
                0x000000000800537c                ros::Msg::Msg()
                0x000000000800537c                ros::Msg::Msg()
 .text._ZN8std_msgs4TimeC2Ev
                0x000000000800539c       0x30 Src/mainpp.o
                0x000000000800539c                std_msgs::Time::Time()
                0x000000000800539c                std_msgs::Time::Time()
 .text._ZNK8std_msgs4Time9serializeEPh
                0x00000000080053cc       0xb0 Src/mainpp.o
                0x00000000080053cc                std_msgs::Time::serialize(unsigned char*) const
 .text._ZN8std_msgs4Time11deserializeEPh
                0x000000000800547c       0xc8 Src/mainpp.o
                0x000000000800547c                std_msgs::Time::deserialize(unsigned char*)
 .text._ZN8std_msgs4Time7getTypeEv
                0x0000000008005544       0x1c Src/mainpp.o
                0x0000000008005544                std_msgs::Time::getType()
 .text._ZN8std_msgs4Time6getMD5Ev
                0x0000000008005560       0x1c Src/mainpp.o
                0x0000000008005560                std_msgs::Time::getMD5()
 .text._ZN14rosserial_msgs9TopicInfoC2Ev
                0x000000000800557c       0x48 Src/mainpp.o
                0x000000000800557c                rosserial_msgs::TopicInfo::TopicInfo()
                0x000000000800557c                rosserial_msgs::TopicInfo::TopicInfo()
 .text._ZNK14rosserial_msgs9TopicInfo9serializeEPh
                0x00000000080055c4      0x136 Src/mainpp.o
                0x00000000080055c4                rosserial_msgs::TopicInfo::serialize(unsigned char*) const
 .text._ZN14rosserial_msgs9TopicInfo11deserializeEPh
                0x00000000080056fa      0x1d0 Src/mainpp.o
                0x00000000080056fa                rosserial_msgs::TopicInfo::deserialize(unsigned char*)
 *fill*         0x00000000080058ca        0x2 
 .text._ZN14rosserial_msgs9TopicInfo7getTypeEv
                0x00000000080058cc       0x1c Src/mainpp.o
                0x00000000080058cc                rosserial_msgs::TopicInfo::getType()
 .text._ZN14rosserial_msgs9TopicInfo6getMD5Ev
                0x00000000080058e8       0x1c Src/mainpp.o
                0x00000000080058e8                rosserial_msgs::TopicInfo::getMD5()
 .text._ZN14rosserial_msgs3LogC2Ev
                0x0000000008005904       0x34 Src/mainpp.o
                0x0000000008005904                rosserial_msgs::Log::Log()
                0x0000000008005904                rosserial_msgs::Log::Log()
 .text._ZNK14rosserial_msgs3Log9serializeEPh
                0x0000000008005938       0x64 Src/mainpp.o
                0x0000000008005938                rosserial_msgs::Log::serialize(unsigned char*) const
 .text._ZN14rosserial_msgs3Log11deserializeEPh
                0x000000000800599c       0x90 Src/mainpp.o
                0x000000000800599c                rosserial_msgs::Log::deserialize(unsigned char*)
 .text._ZN14rosserial_msgs3Log7getTypeEv
                0x0000000008005a2c       0x1c Src/mainpp.o
                0x0000000008005a2c                rosserial_msgs::Log::getType()
 .text._ZN14rosserial_msgs3Log6getMD5Ev
                0x0000000008005a48       0x1c Src/mainpp.o
                0x0000000008005a48                rosserial_msgs::Log::getMD5()
 .text._ZN14rosserial_msgs20RequestParamResponseC2Ev
                0x0000000008005a64       0x48 Src/mainpp.o
                0x0000000008005a64                rosserial_msgs::RequestParamResponse::RequestParamResponse()
                0x0000000008005a64                rosserial_msgs::RequestParamResponse::RequestParamResponse()
 .text._ZNK14rosserial_msgs20RequestParamResponse9serializeEPh
                0x0000000008005aac      0x222 Src/mainpp.o
                0x0000000008005aac                rosserial_msgs::RequestParamResponse::serialize(unsigned char*) const
 .text._ZN14rosserial_msgs20RequestParamResponse11deserializeEPh
                0x0000000008005cce      0x2e2 Src/mainpp.o
                0x0000000008005cce                rosserial_msgs::RequestParamResponse::deserialize(unsigned char*)
 .text._ZN14rosserial_msgs20RequestParamResponse7getTypeEv
                0x0000000008005fb0       0x1c Src/mainpp.o
                0x0000000008005fb0                rosserial_msgs::RequestParamResponse::getType()
 .text._ZN14rosserial_msgs20RequestParamResponse6getMD5Ev
                0x0000000008005fcc       0x1c Src/mainpp.o
                0x0000000008005fcc                rosserial_msgs::RequestParamResponse::getMD5()
 .text._ZN3ros9PublisherC2EPKcPNS_3MsgEi
                0x0000000008005fe8       0x2e Src/mainpp.o
                0x0000000008005fe8                ros::Publisher::Publisher(char const*, ros::Msg*, int)
                0x0000000008005fe8                ros::Publisher::Publisher(char const*, ros::Msg*, int)
 .text._ZN3ros9Publisher7publishEPKNS_3MsgE
                0x0000000008006016       0x28 Src/mainpp.o
                0x0000000008006016                ros::Publisher::publish(ros::Msg const*)
 .text._ZN3ros9Publisher15getEndpointTypeEv
                0x000000000800603e       0x18 Src/mainpp.o
                0x000000000800603e                ros::Publisher::getEndpointType()
 .text._ZN13STM32Hardware10getRdmaIndEv
                0x0000000008006056       0x24 Src/mainpp.o
                0x0000000008006056                STM32Hardware::getRdmaInd()
 *fill*         0x000000000800607a        0x2 
 .text._ZN13STM32HardwareC2Ev
                0x000000000800607c       0x38 Src/mainpp.o
                0x000000000800607c                STM32Hardware::STM32Hardware()
                0x000000000800607c                STM32Hardware::STM32Hardware()
 .text._ZN13STM32Hardware4initEv
                0x00000000080060b4       0x16 Src/mainpp.o
                0x00000000080060b4                STM32Hardware::init()
 .text._ZN13STM32Hardware10reset_rbufEv
                0x00000000080060ca       0x22 Src/mainpp.o
                0x00000000080060ca                STM32Hardware::reset_rbuf()
 .text._ZN13STM32Hardware4readEv
                0x00000000080060ec       0x5a Src/mainpp.o
                0x00000000080060ec                STM32Hardware::read()
 *fill*         0x0000000008006146        0x2 
 .text._ZN13STM32Hardware5flushEv
                0x0000000008006148       0xbc Src/mainpp.o
                0x0000000008006148                STM32Hardware::flush()
 .text._ZN13STM32Hardware5writeEPhi
                0x0000000008006204       0x8c Src/mainpp.o
                0x0000000008006204                STM32Hardware::write(unsigned char*, int)
 .text._ZN13STM32Hardware4timeEv
                0x0000000008006290       0x16 Src/mainpp.o
                0x0000000008006290                STM32Hardware::time()
 *fill*         0x00000000080062a6        0x2 
 .text._ZN8std_msgs19MultiArrayDimensionC2Ev
                0x00000000080062a8       0x3c Src/mainpp.o
                0x00000000080062a8                std_msgs::MultiArrayDimension::MultiArrayDimension()
                0x00000000080062a8                std_msgs::MultiArrayDimension::MultiArrayDimension()
 .text._ZNK8std_msgs19MultiArrayDimension9serializeEPh
                0x00000000080062e4       0xe6 Src/mainpp.o
                0x00000000080062e4                std_msgs::MultiArrayDimension::serialize(unsigned char*) const
 .text._ZN8std_msgs19MultiArrayDimension11deserializeEPh
                0x00000000080063ca      0x12a Src/mainpp.o
                0x00000000080063ca                std_msgs::MultiArrayDimension::deserialize(unsigned char*)
 .text._ZN8std_msgs19MultiArrayDimension7getTypeEv
                0x00000000080064f4       0x1c Src/mainpp.o
                0x00000000080064f4                std_msgs::MultiArrayDimension::getType()
 .text._ZN8std_msgs19MultiArrayDimension6getMD5Ev
                0x0000000008006510       0x1c Src/mainpp.o
                0x0000000008006510                std_msgs::MultiArrayDimension::getMD5()
 .text._ZN8std_msgs16MultiArrayLayoutC2Ev
                0x000000000800652c       0x40 Src/mainpp.o
                0x000000000800652c                std_msgs::MultiArrayLayout::MultiArrayLayout()
                0x000000000800652c                std_msgs::MultiArrayLayout::MultiArrayLayout()
 .text._ZNK8std_msgs16MultiArrayLayout9serializeEPh
                0x000000000800656c       0xec Src/mainpp.o
                0x000000000800656c                std_msgs::MultiArrayLayout::serialize(unsigned char*) const
 .text._ZN8std_msgs16MultiArrayLayout11deserializeEPh
                0x0000000008006658      0x120 Src/mainpp.o
                0x0000000008006658                std_msgs::MultiArrayLayout::deserialize(unsigned char*)
 .text._ZN8std_msgs16MultiArrayLayout7getTypeEv
                0x0000000008006778       0x1c Src/mainpp.o
                0x0000000008006778                std_msgs::MultiArrayLayout::getType()
 .text._ZN8std_msgs16MultiArrayLayout6getMD5Ev
                0x0000000008006794       0x1c Src/mainpp.o
                0x0000000008006794                std_msgs::MultiArrayLayout::getMD5()
 .text._ZN8std_msgs17Float64MultiArrayC2Ev
                0x00000000080067b0       0x3c Src/mainpp.o
                0x00000000080067b0                std_msgs::Float64MultiArray::Float64MultiArray()
                0x00000000080067b0                std_msgs::Float64MultiArray::Float64MultiArray()
 .text._ZNK8std_msgs17Float64MultiArray9serializeEPh
                0x00000000080067ec      0x186 Src/mainpp.o
                0x00000000080067ec                std_msgs::Float64MultiArray::serialize(unsigned char*) const
 .text._ZN8std_msgs17Float64MultiArray11deserializeEPh
                0x0000000008006972      0x25c Src/mainpp.o
                0x0000000008006972                std_msgs::Float64MultiArray::deserialize(unsigned char*)
 *fill*         0x0000000008006bce        0x2 
 .text._ZN8std_msgs17Float64MultiArray7getTypeEv
                0x0000000008006bd0       0x1c Src/mainpp.o
                0x0000000008006bd0                std_msgs::Float64MultiArray::getType()
 .text._ZN8std_msgs17Float64MultiArray6getMD5Ev
                0x0000000008006bec       0x1c Src/mainpp.o
                0x0000000008006bec                std_msgs::Float64MultiArray::getMD5()
 .text._ZN8std_msgs5Int64C2Ev
                0x0000000008006c08       0x34 Src/mainpp.o
                0x0000000008006c08                std_msgs::Int64::Int64()
                0x0000000008006c08                std_msgs::Int64::Int64()
 .text._ZNK8std_msgs5Int649serializeEPh
                0x0000000008006c3c      0x108 Src/mainpp.o
                0x0000000008006c3c                std_msgs::Int64::serialize(unsigned char*) const
 .text._ZN8std_msgs5Int6411deserializeEPh
                0x0000000008006d44      0x1a4 Src/mainpp.o
                0x0000000008006d44                std_msgs::Int64::deserialize(unsigned char*)
 .text._ZN8std_msgs5Int647getTypeEv
                0x0000000008006ee8       0x1c Src/mainpp.o
                0x0000000008006ee8                std_msgs::Int64::getType()
 .text._ZN8std_msgs5Int646getMD5Ev
                0x0000000008006f04       0x1c Src/mainpp.o
                0x0000000008006f04                std_msgs::Int64::getMD5()
 .text._ZN4chjk8unit_cmdC2Ev
                0x0000000008006f20       0x40 Src/mainpp.o
                0x0000000008006f20                chjk::unit_cmd::unit_cmd()
                0x0000000008006f20                chjk::unit_cmd::unit_cmd()
 .text._ZNK4chjk8unit_cmd9serializeEPh
                0x0000000008006f60      0x1f6 Src/mainpp.o
                0x0000000008006f60                chjk::unit_cmd::serialize(unsigned char*) const
 .text._ZN4chjk8unit_cmd11deserializeEPh
                0x0000000008007156      0x34e Src/mainpp.o
                0x0000000008007156                chjk::unit_cmd::deserialize(unsigned char*)
 .text._ZN4chjk8unit_cmd7getTypeEv
                0x00000000080074a4       0x1c Src/mainpp.o
                0x00000000080074a4                chjk::unit_cmd::getType()
 .text._ZN4chjk8unit_cmd6getMD5Ev
                0x00000000080074c0       0x1c Src/mainpp.o
                0x00000000080074c0                chjk::unit_cmd::getMD5()
 .text.HAL_UART_TxCpltCallback
                0x00000000080074dc       0x24 Src/mainpp.o
                0x00000000080074dc                HAL_UART_TxCpltCallback
 .text.HAL_UART_RxCpltCallback
                0x0000000008007500       0x24 Src/mainpp.o
                0x0000000008007500                HAL_UART_RxCpltCallback
 .text.setup    0x0000000008007524       0x50 Src/mainpp.o
                0x0000000008007524                setup
 .text.loop     0x0000000008007574       0x50 Src/mainpp.o
                0x0000000008007574                loop
 .text._Z8callbackRKN8std_msgs5Int64E
                0x00000000080075c4       0x24 Src/mainpp.o
                0x00000000080075c4                callback(std_msgs::Int64 const&)
 .text._Z7get_cmdRKN4chjk8unit_cmdE
                0x00000000080075e8       0xc4 Src/mainpp.o
                0x00000000080075e8                get_cmd(chjk::unit_cmd const&)
 .text._ZN3ros3Msg8varToArrIPhmEEvT_T0_
                0x00000000080076ac       0x3c Src/mainpp.o
                0x00000000080076ac                void ros::Msg::varToArr<unsigned char*, unsigned long>(unsigned char*, unsigned long)
 .text._ZN3ros3Msg8arrToVarImPhEEvRT_T0_
                0x00000000080076e8       0x4a Src/mainpp.o
                0x00000000080076e8                void ros::Msg::arrToVar<unsigned long, unsigned char*>(unsigned long&, unsigned char*)
 *fill*         0x0000000008007732        0x2 
 .text._ZN3ros15NodeHandleBase_C2Ev
                0x0000000008007734       0x20 Src/mainpp.o
                0x0000000008007734                ros::NodeHandleBase_::NodeHandleBase_()
                0x0000000008007734                ros::NodeHandleBase_::NodeHandleBase_()
 .text._ZN3ros11NodeHandle_I13STM32HardwareLi25ELi25ELi512ELi512EEC2Ev
                0x0000000008007754      0x100 Src/mainpp.o
                0x0000000008007754                ros::NodeHandle_<STM32Hardware, 25, 25, 512, 512>::NodeHandle_()
                0x0000000008007754                ros::NodeHandle_<STM32Hardware, 25, 25, 512, 512>::NodeHandle_()
 .text._ZN3ros11Subscriber_C2Ev
                0x0000000008007854       0x20 Src/mainpp.o
                0x0000000008007854                ros::Subscriber_::Subscriber_()
                0x0000000008007854                ros::Subscriber_::Subscriber_()
 .text._ZN3ros10SubscriberIN8std_msgs5Int64EvEC2EPKcPFvRKS2_Ei
                0x0000000008007874       0x48 Src/mainpp.o
                0x0000000008007874                ros::Subscriber<std_msgs::Int64, void>::Subscriber(char const*, void (*)(std_msgs::Int64 const&), int)
                0x0000000008007874                ros::Subscriber<std_msgs::Int64, void>::Subscriber(char const*, void (*)(std_msgs::Int64 const&), int)
 .text._ZN3ros10SubscriberIN4chjk8unit_cmdEvEC2EPKcPFvRKS2_Ei
                0x00000000080078bc       0x48 Src/mainpp.o
                0x00000000080078bc                ros::Subscriber<chjk::unit_cmd, void>::Subscriber(char const*, void (*)(chjk::unit_cmd const&), int)
                0x00000000080078bc                ros::Subscriber<chjk::unit_cmd, void>::Subscriber(char const*, void (*)(chjk::unit_cmd const&), int)
 .text._ZN3ros11NodeHandle_I13STM32HardwareLi25ELi25ELi512ELi512EE11getHardwareEv
                0x0000000008007904       0x18 Src/mainpp.o
                0x0000000008007904                ros::NodeHandle_<STM32Hardware, 25, 25, 512, 512>::getHardware()
 .text._ZN3ros11NodeHandle_I13STM32HardwareLi25ELi25ELi512ELi512EE8initNodeEv
                0x000000000800791c       0x3a Src/mainpp.o
                0x000000000800791c                ros::NodeHandle_<STM32Hardware, 25, 25, 512, 512>::initNode()
 .text._ZN3ros11NodeHandle_I13STM32HardwareLi25ELi25ELi512ELi512EE9subscribeINS_10SubscriberIN8std_msgs5Int64EvEEEEbRT_
                0x0000000008007956       0x56 Src/mainpp.o
                0x0000000008007956                bool ros::NodeHandle_<STM32Hardware, 25, 25, 512, 512>::subscribe<ros::Subscriber<std_msgs::Int64, void> >(ros::Subscriber<std_msgs::Int64, void>&)
 .text._ZN3ros11NodeHandle_I13STM32HardwareLi25ELi25ELi512ELi512EE9subscribeINS_10SubscriberIN4chjk8unit_cmdEvEEEEbRT_
                0x00000000080079ac       0x56 Src/mainpp.o
                0x00000000080079ac                bool ros::NodeHandle_<STM32Hardware, 25, 25, 512, 512>::subscribe<ros::Subscriber<chjk::unit_cmd, void> >(ros::Subscriber<chjk::unit_cmd, void>&)
 .text._ZN3ros11NodeHandle_I13STM32HardwareLi25ELi25ELi512ELi512EE9advertiseERNS_9PublisherE
                0x0000000008007a02       0x60 Src/mainpp.o
                0x0000000008007a02                ros::NodeHandle_<STM32Hardware, 25, 25, 512, 512>::advertise(ros::Publisher&)
 .text._ZN3ros11NodeHandle_I13STM32HardwareLi25ELi25ELi512ELi512EE8spinOnceEv
                0x0000000008007a62      0x3b8 Src/mainpp.o
                0x0000000008007a62                ros::NodeHandle_<STM32Hardware, 25, 25, 512, 512>::spinOnce()
 .text._ZN3ros11NodeHandle_I13STM32HardwareLi25ELi25ELi512ELi512EE15requestSyncTimeEv
                0x0000000008007e1a       0x3c Src/mainpp.o
                0x0000000008007e1a                ros::NodeHandle_<STM32Hardware, 25, 25, 512, 512>::requestSyncTime()
 .text._ZN3ros11NodeHandle_I13STM32HardwareLi25ELi25ELi512ELi512EE15negotiateTopicsEv
                0x0000000008007e56      0x1be Src/mainpp.o
                0x0000000008007e56                ros::NodeHandle_<STM32Hardware, 25, 25, 512, 512>::negotiateTopics()
 .text._ZN3ros11NodeHandle_I13STM32HardwareLi25ELi25ELi512ELi512EE8syncTimeEPh
                0x0000000008008014       0x98 Src/mainpp.o
                0x0000000008008014                ros::NodeHandle_<STM32Hardware, 25, 25, 512, 512>::syncTime(unsigned char*)
 .text._ZN3ros11NodeHandle_I13STM32HardwareLi25ELi25ELi512ELi512EE7publishEiPKNS_3MsgE
                0x00000000080080ac      0x124 Src/mainpp.o
                0x00000000080080ac                ros::NodeHandle_<STM32Hardware, 25, 25, 512, 512>::publish(int, ros::Msg const*)
 .text._ZN3ros11NodeHandle_I13STM32HardwareLi25ELi25ELi512ELi512EE6setNowERNS_4TimeE
                0x00000000080081d0       0x80 Src/mainpp.o
                0x00000000080081d0                ros::NodeHandle_<STM32Hardware, 25, 25, 512, 512>::setNow(ros::Time&)
 .text._ZN3ros11NodeHandle_I13STM32HardwareLi25ELi25ELi512ELi512EE8logerrorEPKc
                0x0000000008008250       0x1c Src/mainpp.o
                0x0000000008008250                ros::NodeHandle_<STM32Hardware, 25, 25, 512, 512>::logerror(char const*)
 .text._ZN3ros11NodeHandle_I13STM32HardwareLi25ELi25ELi512ELi512EE3logEcPKc
                0x000000000800826c       0x38 Src/mainpp.o
                0x000000000800826c                ros::NodeHandle_<STM32Hardware, 25, 25, 512, 512>::log(char, char const*)
 .text._Z41__static_initialization_and_destruction_0ii
                0x00000000080082a4       0x7c Src/mainpp.o
 .text._ZN3ros10SubscriberIN4chjk8unit_cmdEvE8callbackEPh
                0x0000000008008320       0x2a Src/mainpp.o
                0x0000000008008320                ros::Subscriber<chjk::unit_cmd, void>::callback(unsigned char*)
 .text._ZN3ros10SubscriberIN4chjk8unit_cmdEvE15getEndpointTypeEv
                0x000000000800834a       0x18 Src/mainpp.o
                0x000000000800834a                ros::Subscriber<chjk::unit_cmd, void>::getEndpointType()
 .text._ZN3ros10SubscriberIN4chjk8unit_cmdEvE10getMsgTypeEv
                0x0000000008008362       0x1c Src/mainpp.o
                0x0000000008008362                ros::Subscriber<chjk::unit_cmd, void>::getMsgType()
 .text._ZN3ros10SubscriberIN4chjk8unit_cmdEvE9getMsgMD5Ev
                0x000000000800837e       0x1c Src/mainpp.o
                0x000000000800837e                ros::Subscriber<chjk::unit_cmd, void>::getMsgMD5()
 .text._ZN3ros10SubscriberIN8std_msgs5Int64EvE8callbackEPh
                0x000000000800839a       0x2a Src/mainpp.o
                0x000000000800839a                ros::Subscriber<std_msgs::Int64, void>::callback(unsigned char*)
 .text._ZN3ros10SubscriberIN8std_msgs5Int64EvE15getEndpointTypeEv
                0x00000000080083c4       0x18 Src/mainpp.o
                0x00000000080083c4                ros::Subscriber<std_msgs::Int64, void>::getEndpointType()
 .text._ZN3ros10SubscriberIN8std_msgs5Int64EvE10getMsgTypeEv
                0x00000000080083dc       0x1c Src/mainpp.o
                0x00000000080083dc                ros::Subscriber<std_msgs::Int64, void>::getMsgType()
 .text._ZN3ros10SubscriberIN8std_msgs5Int64EvE9getMsgMD5Ev
                0x00000000080083f8       0x1c Src/mainpp.o
                0x00000000080083f8                ros::Subscriber<std_msgs::Int64, void>::getMsgMD5()
 .text._ZN3ros11NodeHandle_I13STM32HardwareLi25ELi25ELi512ELi512EE9connectedEv
                0x0000000008008414       0x1a Src/mainpp.o
                0x0000000008008414                ros::NodeHandle_<STM32Hardware, 25, 25, 512, 512>::connected()
 .text._GLOBAL__sub_I_nh
                0x000000000800842e       0x10 Src/mainpp.o
 *fill*         0x000000000800843e        0x2 
 .text.HAL_MspInit
                0x0000000008008440       0x50 Src/stm32f4xx_hal_msp.o
                0x0000000008008440                HAL_MspInit
 .text.HAL_TIM_PWM_MspInit
                0x0000000008008490       0x44 Src/stm32f4xx_hal_msp.o
                0x0000000008008490                HAL_TIM_PWM_MspInit
 .text.HAL_TIM_Encoder_MspInit
                0x00000000080084d4      0x114 Src/stm32f4xx_hal_msp.o
                0x00000000080084d4                HAL_TIM_Encoder_MspInit
 .text.HAL_TIM_Base_MspInit
                0x00000000080085e8       0x8c Src/stm32f4xx_hal_msp.o
                0x00000000080085e8                HAL_TIM_Base_MspInit
 .text.HAL_TIM_MspPostInit
                0x0000000008008674       0x74 Src/stm32f4xx_hal_msp.o
                0x0000000008008674                HAL_TIM_MspPostInit
 .text.HAL_UART_MspInit
                0x00000000080086e8      0x170 Src/stm32f4xx_hal_msp.o
                0x00000000080086e8                HAL_UART_MspInit
 .text.NMI_Handler
                0x0000000008008858        0xe Src/stm32f4xx_it.o
                0x0000000008008858                NMI_Handler
 .text.HardFault_Handler
                0x0000000008008866        0x6 Src/stm32f4xx_it.o
                0x0000000008008866                HardFault_Handler
 .text.MemManage_Handler
                0x000000000800886c        0x6 Src/stm32f4xx_it.o
                0x000000000800886c                MemManage_Handler
 .text.BusFault_Handler
                0x0000000008008872        0x6 Src/stm32f4xx_it.o
                0x0000000008008872                BusFault_Handler
 .text.UsageFault_Handler
                0x0000000008008878        0x6 Src/stm32f4xx_it.o
                0x0000000008008878                UsageFault_Handler
 .text.SVC_Handler
                0x000000000800887e        0xe Src/stm32f4xx_it.o
                0x000000000800887e                SVC_Handler
 .text.DebugMon_Handler
                0x000000000800888c        0xe Src/stm32f4xx_it.o
                0x000000000800888c                DebugMon_Handler
 .text.PendSV_Handler
                0x000000000800889a        0xe Src/stm32f4xx_it.o
                0x000000000800889a                PendSV_Handler
 .text.SysTick_Handler
                0x00000000080088a8        0xc Src/stm32f4xx_it.o
                0x00000000080088a8                SysTick_Handler
 .text.DMA1_Stream5_IRQHandler
                0x00000000080088b4       0x14 Src/stm32f4xx_it.o
                0x00000000080088b4                DMA1_Stream5_IRQHandler
 .text.DMA1_Stream6_IRQHandler
                0x00000000080088c8       0x14 Src/stm32f4xx_it.o
                0x00000000080088c8                DMA1_Stream6_IRQHandler
 .text.TIM2_IRQHandler
                0x00000000080088dc       0x14 Src/stm32f4xx_it.o
                0x00000000080088dc                TIM2_IRQHandler
 .text.TIM3_IRQHandler
                0x00000000080088f0       0x14 Src/stm32f4xx_it.o
                0x00000000080088f0                TIM3_IRQHandler
 .text.TIM4_IRQHandler
                0x0000000008008904       0x14 Src/stm32f4xx_it.o
                0x0000000008008904                TIM4_IRQHandler
 .text.USART2_IRQHandler
                0x0000000008008918       0x14 Src/stm32f4xx_it.o
                0x0000000008008918                USART2_IRQHandler
 .text.TIM5_IRQHandler
                0x000000000800892c       0x14 Src/stm32f4xx_it.o
                0x000000000800892c                TIM5_IRQHandler
 .text._getpid  0x0000000008008940       0x10 Src/syscalls.o
                0x0000000008008940                _getpid
 .text._kill    0x0000000008008950       0x20 Src/syscalls.o
                0x0000000008008950                _kill
 .text._exit    0x0000000008008970       0x14 Src/syscalls.o
                0x0000000008008970                _exit
 .text._sbrk    0x0000000008008984       0x58 Src/sysmem.o
                0x0000000008008984                _sbrk
 .text.SystemInit
                0x00000000080089dc       0x2c Src/system_stm32f4xx.o
                0x00000000080089dc                SystemInit
 .text.Reset_Handler
                0x0000000008008a08       0x50 Startup/startup_stm32f446retx.o
                0x0000000008008a08                Reset_Handler
 .text.Default_Handler
                0x0000000008008a58        0x2 Startup/startup_stm32f446retx.o
                0x0000000008008a58                RTC_Alarm_IRQHandler
                0x0000000008008a58                EXTI2_IRQHandler
                0x0000000008008a58                TIM8_CC_IRQHandler
                0x0000000008008a58                FMPI2C1_EV_IRQHandler
                0x0000000008008a58                SPI4_IRQHandler
                0x0000000008008a58                TIM1_CC_IRQHandler
                0x0000000008008a58                DMA2_Stream5_IRQHandler
                0x0000000008008a58                PVD_IRQHandler
                0x0000000008008a58                SDIO_IRQHandler
                0x0000000008008a58                TAMP_STAMP_IRQHandler
                0x0000000008008a58                CAN2_RX1_IRQHandler
                0x0000000008008a58                EXTI3_IRQHandler
                0x0000000008008a58                TIM8_TRG_COM_TIM14_IRQHandler
                0x0000000008008a58                TIM1_UP_TIM10_IRQHandler
                0x0000000008008a58                TIM8_UP_TIM13_IRQHandler
                0x0000000008008a58                I2C3_ER_IRQHandler
                0x0000000008008a58                EXTI0_IRQHandler
                0x0000000008008a58                I2C2_EV_IRQHandler
                0x0000000008008a58                DMA1_Stream2_IRQHandler
                0x0000000008008a58                CAN1_RX0_IRQHandler
                0x0000000008008a58                FPU_IRQHandler
                0x0000000008008a58                OTG_HS_WKUP_IRQHandler
                0x0000000008008a58                CAN2_SCE_IRQHandler
                0x0000000008008a58                DMA2_Stream2_IRQHandler
                0x0000000008008a58                SPI1_IRQHandler
                0x0000000008008a58                TIM6_DAC_IRQHandler
                0x0000000008008a58                TIM1_BRK_TIM9_IRQHandler
                0x0000000008008a58                DCMI_IRQHandler
                0x0000000008008a58                CAN2_RX0_IRQHandler
                0x0000000008008a58                DMA2_Stream3_IRQHandler
                0x0000000008008a58                SAI2_IRQHandler
                0x0000000008008a58                USART6_IRQHandler
                0x0000000008008a58                USART3_IRQHandler
                0x0000000008008a58                CAN1_RX1_IRQHandler
                0x0000000008008a58                UART5_IRQHandler
                0x0000000008008a58                DMA2_Stream0_IRQHandler
                0x0000000008008a58                QUADSPI_IRQHandler
                0x0000000008008a58                I2C1_EV_IRQHandler
                0x0000000008008a58                DMA1_Stream1_IRQHandler
                0x0000000008008a58                UART4_IRQHandler
                0x0000000008008a58                RCC_IRQHandler
                0x0000000008008a58                TIM8_BRK_TIM12_IRQHandler
                0x0000000008008a58                Default_Handler
                0x0000000008008a58                CEC_IRQHandler
                0x0000000008008a58                EXTI15_10_IRQHandler
                0x0000000008008a58                ADC_IRQHandler
                0x0000000008008a58                DMA1_Stream7_IRQHandler
                0x0000000008008a58                TIM7_IRQHandler
                0x0000000008008a58                CAN2_TX_IRQHandler
                0x0000000008008a58                DMA2_Stream7_IRQHandler
                0x0000000008008a58                I2C3_EV_IRQHandler
                0x0000000008008a58                EXTI9_5_IRQHandler
                0x0000000008008a58                RTC_WKUP_IRQHandler
                0x0000000008008a58                SPDIF_RX_IRQHandler
                0x0000000008008a58                SPI2_IRQHandler
                0x0000000008008a58                OTG_HS_EP1_IN_IRQHandler
                0x0000000008008a58                DMA1_Stream0_IRQHandler
                0x0000000008008a58                CAN1_TX_IRQHandler
                0x0000000008008a58                FMPI2C1_ER_IRQHandler
                0x0000000008008a58                EXTI4_IRQHandler
                0x0000000008008a58                OTG_HS_EP1_OUT_IRQHandler
                0x0000000008008a58                WWDG_IRQHandler
                0x0000000008008a58                OTG_FS_WKUP_IRQHandler
                0x0000000008008a58                TIM1_TRG_COM_TIM11_IRQHandler
                0x0000000008008a58                OTG_HS_IRQHandler
                0x0000000008008a58                EXTI1_IRQHandler
                0x0000000008008a58                I2C2_ER_IRQHandler
                0x0000000008008a58                DMA2_Stream1_IRQHandler
                0x0000000008008a58                CAN1_SCE_IRQHandler
                0x0000000008008a58                FLASH_IRQHandler
                0x0000000008008a58                DMA2_Stream4_IRQHandler
                0x0000000008008a58                USART1_IRQHandler
                0x0000000008008a58                OTG_FS_IRQHandler
                0x0000000008008a58                SPI3_IRQHandler
                0x0000000008008a58                DMA1_Stream4_IRQHandler
                0x0000000008008a58                I2C1_ER_IRQHandler
                0x0000000008008a58                FMC_IRQHandler
                0x0000000008008a58                DMA2_Stream6_IRQHandler
                0x0000000008008a58                SAI1_IRQHandler
                0x0000000008008a58                DMA1_Stream3_IRQHandler
 .text.__cxa_pure_virtual
                0x0000000008008a5a        0x6 /opt/st/stm32cubeide_1.0.2/plugins/com.st.stm32cube.ide.mcu.externaltools.gnu-tools-for-stm32.7-2018-q2-update.linux64_1.0.0.201904181610/tools/bin/../lib/gcc/arm-none-eabi/7.3.1/../../../../arm-none-eabi/lib/thumb/v7e-m/fpv4-sp/hard/libstdc++_nano.a(pure.o)
                0x0000000008008a5a                __cxa_pure_virtual
 .text._ZN10__cxxabiv111__terminateEPFvvE
                0x0000000008008a60        0x8 /opt/st/stm32cubeide_1.0.2/plugins/com.st.stm32cube.ide.mcu.externaltools.gnu-tools-for-stm32.7-2018-q2-update.linux64_1.0.0.201904181610/tools/bin/../lib/gcc/arm-none-eabi/7.3.1/../../../../arm-none-eabi/lib/thumb/v7e-m/fpv4-sp/hard/libstdc++_nano.a(eh_terminate.o)
                0x0000000008008a60                __cxxabiv1::__terminate(void (*)())
 .text._ZSt13get_terminatev
                0x0000000008008a68       0x10 /opt/st/stm32cubeide_1.0.2/plugins/com.st.stm32cube.ide.mcu.externaltools.gnu-tools-for-stm32.7-2018-q2-update.linux64_1.0.0.201904181610/tools/bin/../lib/gcc/arm-none-eabi/7.3.1/../../../../arm-none-eabi/lib/thumb/v7e-m/fpv4-sp/hard/libstdc++_nano.a(eh_terminate.o)
                0x0000000008008a68                std::get_terminate()
 .text._ZSt9terminatev
                0x0000000008008a78        0xa /opt/st/stm32cubeide_1.0.2/plugins/com.st.stm32cube.ide.mcu.externaltools.gnu-tools-for-stm32.7-2018-q2-update.linux64_1.0.0.201904181610/tools/bin/../lib/gcc/arm-none-eabi/7.3.1/../../../../arm-none-eabi/lib/thumb/v7e-m/fpv4-sp/hard/libstdc++_nano.a(eh_terminate.o)
                0x0000000008008a78                std::terminate()
 .text.abort    0x0000000008008a82        0xe /opt/st/stm32cubeide_1.0.2/plugins/com.st.stm32cube.ide.mcu.externaltools.gnu-tools-for-stm32.7-2018-q2-update.linux64_1.0.0.201904181610/tools/bin/../lib/gcc/arm-none-eabi/7.3.1/../../../../arm-none-eabi/lib/thumb/v7e-m/fpv4-sp/hard/libc_nano.a(lib_a-abort.o)
                0x0000000008008a82                abort
 .text.__errno  0x0000000008008a90        0xc /opt/st/stm32cubeide_1.0.2/plugins/com.st.stm32cube.ide.mcu.externaltools.gnu-tools-for-stm32.7-2018-q2-update.linux64_1.0.0.201904181610/tools/bin/../lib/gcc/arm-none-eabi/7.3.1/../../../../arm-none-eabi/lib/thumb/v7e-m/fpv4-sp/hard/libc_nano.a(lib_a-errno.o)
                0x0000000008008a90                __errno
 .text.__libc_init_array
                0x0000000008008a9c       0x48 /opt/st/stm32cubeide_1.0.2/plugins/com.st.stm32cube.ide.mcu.externaltools.gnu-tools-for-stm32.7-2018-q2-update.linux64_1.0.0.201904181610/tools/bin/../lib/gcc/arm-none-eabi/7.3.1/../../../../arm-none-eabi/lib/thumb/v7e-m/fpv4-sp/hard/libc_nano.a(lib_a-init.o)
                0x0000000008008a9c                __libc_init_array
 .text.malloc   0x0000000008008ae4       0x10 /opt/st/stm32cubeide_1.0.2/plugins/com.st.stm32cube.ide.mcu.externaltools.gnu-tools-for-stm32.7-2018-q2-update.linux64_1.0.0.201904181610/tools/bin/../lib/gcc/arm-none-eabi/7.3.1/../../../../arm-none-eabi/lib/thumb/v7e-m/fpv4-sp/hard/libc_nano.a(lib_a-malloc.o)
                0x0000000008008ae4                malloc
 .text.memcpy   0x0000000008008af4       0x16 /opt/st/stm32cubeide_1.0.2/plugins/com.st.stm32cube.ide.mcu.externaltools.gnu-tools-for-stm32.7-2018-q2-update.linux64_1.0.0.201904181610/tools/bin/../lib/gcc/arm-none-eabi/7.3.1/../../../../arm-none-eabi/lib/thumb/v7e-m/fpv4-sp/hard/libc_nano.a(lib_a-memcpy-stub.o)
                0x0000000008008af4                memcpy
 .text.memset   0x0000000008008b0a       0x10 /opt/st/stm32cubeide_1.0.2/plugins/com.st.stm32cube.ide.mcu.externaltools.gnu-tools-for-stm32.7-2018-q2-update.linux64_1.0.0.201904181610/tools/bin/../lib/gcc/arm-none-eabi/7.3.1/../../../../arm-none-eabi/lib/thumb/v7e-m/fpv4-sp/hard/libc_nano.a(lib_a-memset.o)
                0x0000000008008b0a                memset
 *fill*         0x0000000008008b1a        0x2 
 .text._free_r  0x0000000008008b1c       0x9c /opt/st/stm32cubeide_1.0.2/plugins/com.st.stm32cube.ide.mcu.externaltools.gnu-tools-for-stm32.7-2018-q2-update.linux64_1.0.0.201904181610/tools/bin/../lib/gcc/arm-none-eabi/7.3.1/../../../../arm-none-eabi/lib/thumb/v7e-m/fpv4-sp/hard/libc_nano.a(lib_a-nano-freer.o)
                0x0000000008008b1c                _free_r
 .text._malloc_r
                0x0000000008008bb8       0xb4 /opt/st/stm32cubeide_1.0.2/plugins/com.st.stm32cube.ide.mcu.externaltools.gnu-tools-for-stm32.7-2018-q2-update.linux64_1.0.0.201904181610/tools/bin/../lib/gcc/arm-none-eabi/7.3.1/../../../../arm-none-eabi/lib/thumb/v7e-m/fpv4-sp/hard/libc_nano.a(lib_a-nano-mallocr.o)
                0x0000000008008bb8                _malloc_r
 .text.realloc  0x0000000008008c6c       0x10 /opt/st/stm32cubeide_1.0.2/plugins/com.st.stm32cube.ide.mcu.externaltools.gnu-tools-for-stm32.7-2018-q2-update.linux64_1.0.0.201904181610/tools/bin/../lib/gcc/arm-none-eabi/7.3.1/../../../../arm-none-eabi/lib/thumb/v7e-m/fpv4-sp/hard/libc_nano.a(lib_a-realloc.o)
                0x0000000008008c6c                realloc
 .text._sbrk_r  0x0000000008008c7c       0x20 /opt/st/stm32cubeide_1.0.2/plugins/com.st.stm32cube.ide.mcu.externaltools.gnu-tools-for-stm32.7-2018-q2-update.linux64_1.0.0.201904181610/tools/bin/../lib/gcc/arm-none-eabi/7.3.1/../../../../arm-none-eabi/lib/thumb/v7e-m/fpv4-sp/hard/libc_nano.a(lib_a-sbrkr.o)
                0x0000000008008c7c                _sbrk_r
 .text._raise_r
                0x0000000008008c9c       0x50 /opt/st/stm32cubeide_1.0.2/plugins/com.st.stm32cube.ide.mcu.externaltools.gnu-tools-for-stm32.7-2018-q2-update.linux64_1.0.0.201904181610/tools/bin/../lib/gcc/arm-none-eabi/7.3.1/../../../../arm-none-eabi/lib/thumb/v7e-m/fpv4-sp/hard/libc_nano.a(lib_a-signal.o)
                0x0000000008008c9c                _raise_r
 .text.raise    0x0000000008008cec       0x10 /opt/st/stm32cubeide_1.0.2/plugins/com.st.stm32cube.ide.mcu.externaltools.gnu-tools-for-stm32.7-2018-q2-update.linux64_1.0.0.201904181610/tools/bin/../lib/gcc/arm-none-eabi/7.3.1/../../../../arm-none-eabi/lib/thumb/v7e-m/fpv4-sp/hard/libc_nano.a(lib_a-signal.o)
                0x0000000008008cec                raise
 .text._kill_r  0x0000000008008cfc       0x24 /opt/st/stm32cubeide_1.0.2/plugins/com.st.stm32cube.ide.mcu.externaltools.gnu-tools-for-stm32.7-2018-q2-update.linux64_1.0.0.201904181610/tools/bin/../lib/gcc/arm-none-eabi/7.3.1/../../../../arm-none-eabi/lib/thumb/v7e-m/fpv4-sp/hard/libc_nano.a(lib_a-signalr.o)
                0x0000000008008cfc                _kill_r
 .text._getpid_r
                0x0000000008008d20        0x4 /opt/st/stm32cubeide_1.0.2/plugins/com.st.stm32cube.ide.mcu.externaltools.gnu-tools-for-stm32.7-2018-q2-update.linux64_1.0.0.201904181610/tools/bin/../lib/gcc/arm-none-eabi/7.3.1/../../../../arm-none-eabi/lib/thumb/v7e-m/fpv4-sp/hard/libc_nano.a(lib_a-signalr.o)
                0x0000000008008d20                _getpid_r
 .text.__malloc_lock
                0x0000000008008d24        0x2 /opt/st/stm32cubeide_1.0.2/plugins/com.st.stm32cube.ide.mcu.externaltools.gnu-tools-for-stm32.7-2018-q2-update.linux64_1.0.0.201904181610/tools/bin/../lib/gcc/arm-none-eabi/7.3.1/../../../../arm-none-eabi/lib/thumb/v7e-m/fpv4-sp/hard/libc_nano.a(lib_a-mlock.o)
                0x0000000008008d24                __malloc_lock
 .text.__malloc_unlock
                0x0000000008008d26        0x2 /opt/st/stm32cubeide_1.0.2/plugins/com.st.stm32cube.ide.mcu.externaltools.gnu-tools-for-stm32.7-2018-q2-update.linux64_1.0.0.201904181610/tools/bin/../lib/gcc/arm-none-eabi/7.3.1/../../../../arm-none-eabi/lib/thumb/v7e-m/fpv4-sp/hard/libc_nano.a(lib_a-mlock.o)
                0x0000000008008d26                __malloc_unlock
 .text._realloc_r
                0x0000000008008d28       0x4c /opt/st/stm32cubeide_1.0.2/plugins/com.st.stm32cube.ide.mcu.externaltools.gnu-tools-for-stm32.7-2018-q2-update.linux64_1.0.0.201904181610/tools/bin/../lib/gcc/arm-none-eabi/7.3.1/../../../../arm-none-eabi/lib/thumb/v7e-m/fpv4-sp/hard/libc_nano.a(lib_a-nano-reallocr.o)
                0x0000000008008d28                _realloc_r
 .text._malloc_usable_size_r
                0x0000000008008d74       0x10 /opt/st/stm32cubeide_1.0.2/plugins/com.st.stm32cube.ide.mcu.externaltools.gnu-tools-for-stm32.7-2018-q2-update.linux64_1.0.0.201904181610/tools/bin/../lib/gcc/arm-none-eabi/7.3.1/../../../../arm-none-eabi/lib/thumb/v7e-m/fpv4-sp/hard/libc_nano.a(lib_a-nano-msizer.o)
                0x0000000008008d74                _malloc_usable_size_r
 *(.glue_7)
 .glue_7        0x0000000008008d84        0x0 linker stubs
 *(.glue_7t)
 .glue_7t       0x0000000008008d84        0x0 linker stubs
 *(.eh_frame)
 .eh_frame      0x0000000008008d84        0x0 /opt/st/stm32cubeide_1.0.2/plugins/com.st.stm32cube.ide.mcu.externaltools.gnu-tools-for-stm32.7-2018-q2-update.linux64_1.0.0.201904181610/tools/bin/../lib/gcc/arm-none-eabi/7.3.1/thumb/v7e-m/fpv4-sp/hard/crtbegin.o
 *(.init)
 .init          0x0000000008008d84        0x4 /opt/st/stm32cubeide_1.0.2/plugins/com.st.stm32cube.ide.mcu.externaltools.gnu-tools-for-stm32.7-2018-q2-update.linux64_1.0.0.201904181610/tools/bin/../lib/gcc/arm-none-eabi/7.3.1/thumb/v7e-m/fpv4-sp/hard/crti.o
                0x0000000008008d84                _init
 .init          0x0000000008008d88        0x8 /opt/st/stm32cubeide_1.0.2/plugins/com.st.stm32cube.ide.mcu.externaltools.gnu-tools-for-stm32.7-2018-q2-update.linux64_1.0.0.201904181610/tools/bin/../lib/gcc/arm-none-eabi/7.3.1/thumb/v7e-m/fpv4-sp/hard/crtn.o
 *(.fini)
 .fini          0x0000000008008d90        0x4 /opt/st/stm32cubeide_1.0.2/plugins/com.st.stm32cube.ide.mcu.externaltools.gnu-tools-for-stm32.7-2018-q2-update.linux64_1.0.0.201904181610/tools/bin/../lib/gcc/arm-none-eabi/7.3.1/thumb/v7e-m/fpv4-sp/hard/crti.o
                0x0000000008008d90                _fini
 .fini          0x0000000008008d94        0x8 /opt/st/stm32cubeide_1.0.2/plugins/com.st.stm32cube.ide.mcu.externaltools.gnu-tools-for-stm32.7-2018-q2-update.linux64_1.0.0.201904181610/tools/bin/../lib/gcc/arm-none-eabi/7.3.1/thumb/v7e-m/fpv4-sp/hard/crtn.o
                0x0000000008008d9c                . = ALIGN (0x4)
                0x0000000008008d9c                _etext = .

.vfp11_veneer   0x0000000008008d9c        0x0
 .vfp11_veneer  0x0000000008008d9c        0x0 linker stubs

.v4_bx          0x0000000008008d9c        0x0
 .v4_bx         0x0000000008008d9c        0x0 linker stubs

.iplt           0x0000000008008d9c        0x0
 .iplt          0x0000000008008d9c        0x0 /opt/st/stm32cubeide_1.0.2/plugins/com.st.stm32cube.ide.mcu.externaltools.gnu-tools-for-stm32.7-2018-q2-update.linux64_1.0.0.201904181610/tools/bin/../lib/gcc/arm-none-eabi/7.3.1/thumb/v7e-m/fpv4-sp/hard/crtbegin.o

.rodata         0x0000000008008d9c      0x3f8
                0x0000000008008d9c                . = ALIGN (0x4)
 *(.rodata)
 .rodata        0x0000000008008d9c      0x25a Src/mainpp.o
 *(.rodata*)
 *fill*         0x0000000008008ff6        0x2 
 .rodata.flagBitshiftOffset.8173
                0x0000000008008ff8        0x8 Drivers/STM32F4xx_HAL_Driver/Src/stm32f4xx_hal_dma.o
 .rodata._ZN14rosserial_msgsL12REQUESTPARAME
                0x0000000008009000       0x1c Src/mainpp.o
 .rodata._ZTVN3ros10SubscriberIN4chjk8unit_cmdEvEE
                0x000000000800901c       0x18 Src/mainpp.o
                0x000000000800901c                vtable for ros::Subscriber<chjk::unit_cmd, void>
 .rodata._ZTVN3ros10SubscriberIN8std_msgs5Int64EvEE
                0x0000000008009034       0x18 Src/mainpp.o
                0x0000000008009034                vtable for ros::Subscriber<std_msgs::Int64, void>
 .rodata._ZTVN3ros11NodeHandle_I13STM32HardwareLi25ELi25ELi512ELi512EEE
                0x000000000800904c       0x14 Src/mainpp.o
                0x000000000800904c                vtable for ros::NodeHandle_<STM32Hardware, 25, 25, 512, 512>
 .rodata._ZTVN4chjk8unit_cmdE
                0x0000000008009060       0x18 Src/mainpp.o
                0x0000000008009060                vtable for chjk::unit_cmd
 .rodata._ZTVN8std_msgs5Int64E
                0x0000000008009078       0x18 Src/mainpp.o
                0x0000000008009078                vtable for std_msgs::Int64
 .rodata._ZTVN8std_msgs17Float64MultiArrayE
                0x0000000008009090       0x18 Src/mainpp.o
                0x0000000008009090                vtable for std_msgs::Float64MultiArray
 .rodata._ZTVN8std_msgs16MultiArrayLayoutE
                0x00000000080090a8       0x18 Src/mainpp.o
                0x00000000080090a8                vtable for std_msgs::MultiArrayLayout
 .rodata._ZTVN8std_msgs19MultiArrayDimensionE
                0x00000000080090c0       0x18 Src/mainpp.o
                0x00000000080090c0                vtable for std_msgs::MultiArrayDimension
 .rodata._ZTVN3ros11Subscriber_E
                0x00000000080090d8       0x18 Src/mainpp.o
                0x00000000080090d8                vtable for ros::Subscriber_
 .rodata._ZTVN3ros15NodeHandleBase_E
                0x00000000080090f0       0x14 Src/mainpp.o
                0x00000000080090f0                vtable for ros::NodeHandleBase_
 .rodata._ZTVN14rosserial_msgs20RequestParamResponseE
                0x0000000008009104       0x18 Src/mainpp.o
                0x0000000008009104                vtable for rosserial_msgs::RequestParamResponse
 .rodata._ZTVN14rosserial_msgs3LogE
                0x000000000800911c       0x18 Src/mainpp.o
                0x000000000800911c                vtable for rosserial_msgs::Log
 .rodata._ZTVN14rosserial_msgs9TopicInfoE
                0x0000000008009134       0x18 Src/mainpp.o
                0x0000000008009134                vtable for rosserial_msgs::TopicInfo
 .rodata._ZTVN8std_msgs4TimeE
                0x000000000800914c       0x18 Src/mainpp.o
                0x000000000800914c                vtable for std_msgs::Time
 .rodata._ZTVN3ros3MsgE
                0x0000000008009164       0x18 Src/mainpp.o
                0x0000000008009164                vtable for ros::Msg
 .rodata.AHBPrescTable
                0x000000000800917c       0x10 Src/system_stm32f4xx.o
                0x000000000800917c                AHBPrescTable
 .rodata.APBPrescTable
                0x000000000800918c        0x8 Src/system_stm32f4xx.o
                0x000000000800918c                APBPrescTable
                0x0000000008009194                . = ALIGN (0x4)

.ARM.extab      0x0000000008009194        0x0
                0x0000000008009194                . = ALIGN (0x4)
 *(.ARM.extab* .gnu.linkonce.armextab.*)
                0x0000000008009194                . = ALIGN (0x4)

.ARM            0x0000000008009194        0x8
                0x0000000008009194                . = ALIGN (0x4)
                0x0000000008009194                __exidx_start = .
 *(.ARM.exidx*)
 .ARM.exidx     0x0000000008009194        0x8 /opt/st/stm32cubeide_1.0.2/plugins/com.st.stm32cube.ide.mcu.externaltools.gnu-tools-for-stm32.7-2018-q2-update.linux64_1.0.0.201904181610/tools/bin/../lib/gcc/arm-none-eabi/7.3.1/thumb/v7e-m/fpv4-sp/hard/libgcc.a(_udivmoddi4.o)
                0x000000000800919c                __exidx_end = .
                0x000000000800919c                . = ALIGN (0x4)

.rel.dyn        0x000000000800919c        0x0
 .rel.iplt      0x000000000800919c        0x0 /opt/st/stm32cubeide_1.0.2/plugins/com.st.stm32cube.ide.mcu.externaltools.gnu-tools-for-stm32.7-2018-q2-update.linux64_1.0.0.201904181610/tools/bin/../lib/gcc/arm-none-eabi/7.3.1/thumb/v7e-m/fpv4-sp/hard/crtbegin.o

.preinit_array  0x000000000800919c        0x0
                0x000000000800919c                . = ALIGN (0x4)
                0x000000000800919c                PROVIDE (__preinit_array_start = .)
 *(.preinit_array*)
                0x000000000800919c                PROVIDE (__preinit_array_end = .)
                0x000000000800919c                . = ALIGN (0x4)

.init_array     0x000000000800919c        0x8
                0x000000000800919c                . = ALIGN (0x4)
                0x000000000800919c                PROVIDE (__init_array_start = .)
 *(SORT_BY_NAME(.init_array.*))
 *(.init_array*)
 .init_array    0x000000000800919c        0x4 /opt/st/stm32cubeide_1.0.2/plugins/com.st.stm32cube.ide.mcu.externaltools.gnu-tools-for-stm32.7-2018-q2-update.linux64_1.0.0.201904181610/tools/bin/../lib/gcc/arm-none-eabi/7.3.1/thumb/v7e-m/fpv4-sp/hard/crtbegin.o
 .init_array    0x00000000080091a0        0x4 Src/mainpp.o
                0x00000000080091a4                PROVIDE (__init_array_end = .)
                0x00000000080091a4                . = ALIGN (0x4)

.fini_array     0x00000000080091a4        0x4
                0x00000000080091a4                . = ALIGN (0x4)
                [!provide]                        PROVIDE (__fini_array_start = .)
 *(SORT_BY_NAME(.fini_array.*))
 *(.fini_array*)
 .fini_array    0x00000000080091a4        0x4 /opt/st/stm32cubeide_1.0.2/plugins/com.st.stm32cube.ide.mcu.externaltools.gnu-tools-for-stm32.7-2018-q2-update.linux64_1.0.0.201904181610/tools/bin/../lib/gcc/arm-none-eabi/7.3.1/thumb/v7e-m/fpv4-sp/hard/crtbegin.o
                [!provide]                        PROVIDE (__fini_array_end = .)
                0x00000000080091a8                . = ALIGN (0x4)
                0x00000000080091a8                _sidata = LOADADDR (.data)

.data           0x0000000020000000       0x74 load address 0x00000000080091a8
                0x0000000020000000                . = ALIGN (0x4)
                0x0000000020000000                _sdata = .
 *(.data)
 *(.data*)
 .data.uwTickPrio
                0x0000000020000000        0x4 Drivers/STM32F4xx_HAL_Driver/Src/stm32f4xx_hal.o
                0x0000000020000000                uwTickPrio
 .data.uwTickFreq
                0x0000000020000004        0x1 Drivers/STM32F4xx_HAL_Driver/Src/stm32f4xx_hal.o
                0x0000000020000004                uwTickFreq
 *fill*         0x0000000020000005        0x3 
 .data.SystemCoreClock
                0x0000000020000008        0x4 Src/system_stm32f4xx.o
                0x0000000020000008                SystemCoreClock
 .data._ZN10__cxxabiv119__terminate_handlerE
                0x000000002000000c        0x4 /opt/st/stm32cubeide_1.0.2/plugins/com.st.stm32cube.ide.mcu.externaltools.gnu-tools-for-stm32.7-2018-q2-update.linux64_1.0.0.201904181610/tools/bin/../lib/gcc/arm-none-eabi/7.3.1/../../../../arm-none-eabi/lib/thumb/v7e-m/fpv4-sp/hard/libstdc++_nano.a(eh_term_handler.o)
                0x000000002000000c                __cxxabiv1::__terminate_handler
 .data._impure_ptr
                0x0000000020000010        0x4 /opt/st/stm32cubeide_1.0.2/plugins/com.st.stm32cube.ide.mcu.externaltools.gnu-tools-for-stm32.7-2018-q2-update.linux64_1.0.0.201904181610/tools/bin/../lib/gcc/arm-none-eabi/7.3.1/../../../../arm-none-eabi/lib/thumb/v7e-m/fpv4-sp/hard/libc_nano.a(lib_a-impure.o)
                0x0000000020000010                _impure_ptr
 .data.impure_data
                0x0000000020000014       0x60 /opt/st/stm32cubeide_1.0.2/plugins/com.st.stm32cube.ide.mcu.externaltools.gnu-tools-for-stm32.7-2018-q2-update.linux64_1.0.0.201904181610/tools/bin/../lib/gcc/arm-none-eabi/7.3.1/../../../../arm-none-eabi/lib/thumb/v7e-m/fpv4-sp/hard/libc_nano.a(lib_a-impure.o)
                0x0000000020000074                . = ALIGN (0x4)
                0x0000000020000074                _edata = .

.igot.plt       0x0000000020000074        0x0 load address 0x000000000800921c
 .igot.plt      0x0000000020000074        0x0 /opt/st/stm32cubeide_1.0.2/plugins/com.st.stm32cube.ide.mcu.externaltools.gnu-tools-for-stm32.7-2018-q2-update.linux64_1.0.0.201904181610/tools/bin/../lib/gcc/arm-none-eabi/7.3.1/thumb/v7e-m/fpv4-sp/hard/crtbegin.o
                0x0000000020000074                . = ALIGN (0x4)

.bss            0x0000000020000078      0xcec load address 0x000000000800921c
                0x0000000020000078                _sbss = .
                0x0000000020000078                __bss_start__ = _sbss
 *(.bss)
 .bss           0x0000000020000078       0x1c /opt/st/stm32cubeide_1.0.2/plugins/com.st.stm32cube.ide.mcu.externaltools.gnu-tools-for-stm32.7-2018-q2-update.linux64_1.0.0.201904181610/tools/bin/../lib/gcc/arm-none-eabi/7.3.1/thumb/v7e-m/fpv4-sp/hard/crtbegin.o
 *(.bss*)
 .bss.overflowcnt1
                0x0000000020000094        0x4 Src/main.o
                0x0000000020000094                overflowcnt1
 .bss.overflowcnt2
                0x0000000020000098        0x4 Src/main.o
                0x0000000020000098                overflowcnt2
 .bss._ZZN13STM32Hardware5flushEvE5mutex
                0x000000002000009c        0x1 Src/mainpp.o
                0x000000002000009c                STM32Hardware::flush()::mutex
 *fill*         0x000000002000009d        0x3 
 .bss.nh        0x00000000200000a0      0x93c Src/mainpp.o
                0x00000000200000a0                nh
 *fill*         0x00000000200009dc        0x4 
 .bss.enc       0x00000000200009e0       0x38 Src/mainpp.o
                0x00000000200009e0                enc
 .bss.pwm_cmd   0x0000000020000a18        0x4 Src/mainpp.o
                0x0000000020000a18                pwm_cmd
 *fill*         0x0000000020000a1c        0x4 
 .bss.cmd_vel   0x0000000020000a20        0x8 Src/mainpp.o
                0x0000000020000a20                cmd_vel
 .bss.cmd_deg   0x0000000020000a28        0x8 Src/mainpp.o
                0x0000000020000a28                cmd_deg
 .bss.sub       0x0000000020000a30       0x28 Src/mainpp.o
                0x0000000020000a30                sub
 .bss.sub_cmd   0x0000000020000a58       0x30 Src/mainpp.o
                0x0000000020000a58                sub_cmd
 .bss.enc_pub   0x0000000020000a88       0x14 Src/mainpp.o
                0x0000000020000a88                enc_pub
 .bss.heap_end.6424
                0x0000000020000a9c        0x4 Src/sysmem.o
 .bss.__malloc_free_list
                0x0000000020000aa0        0x4 /opt/st/stm32cubeide_1.0.2/plugins/com.st.stm32cube.ide.mcu.externaltools.gnu-tools-for-stm32.7-2018-q2-update.linux64_1.0.0.201904181610/tools/bin/../lib/gcc/arm-none-eabi/7.3.1/../../../../arm-none-eabi/lib/thumb/v7e-m/fpv4-sp/hard/libc_nano.a(lib_a-nano-mallocr.o)
                0x0000000020000aa0                __malloc_free_list
 .bss.__malloc_sbrk_start
                0x0000000020000aa4        0x4 /opt/st/stm32cubeide_1.0.2/plugins/com.st.stm32cube.ide.mcu.externaltools.gnu-tools-for-stm32.7-2018-q2-update.linux64_1.0.0.201904181610/tools/bin/../lib/gcc/arm-none-eabi/7.3.1/../../../../arm-none-eabi/lib/thumb/v7e-m/fpv4-sp/hard/libc_nano.a(lib_a-nano-mallocr.o)
                0x0000000020000aa4                __malloc_sbrk_start
 *(COMMON)
 COMMON         0x0000000020000aa8        0x4 Drivers/STM32F4xx_HAL_Driver/Src/stm32f4xx_hal.o
                0x0000000020000aa8                uwTick
 *fill*         0x0000000020000aac        0x4 
 COMMON         0x0000000020000ab0      0x2b0 Src/main.o
                0x0000000020000ab0                I2
                0x0000000020000ab8                hdma_usart2_rx
                0x0000000020000b18                pre_error2
                0x0000000020000b20                P1
                0x0000000020000b28                htim4
                0x0000000020000b68                enc_wheel
                0x0000000020000b70                P2
                0x0000000020000b78                htim5
                0x0000000020000bb8                htim3
                0x0000000020000bf8                I1
                0x0000000020000c00                hdma_usart2_tx
                0x0000000020000c60                pre_error1
                0x0000000020000c68                now_vel
                0x0000000020000c70                pre_deg
                0x0000000020000c78                D2
                0x0000000020000c80                htim1
                0x0000000020000cc0                htim2
                0x0000000020000d00                pre_enc_wheel
                0x0000000020000d08                enc_yaw
                0x0000000020000d10                huart2
                0x0000000020000d50                D1
                0x0000000020000d58                now_deg
 COMMON         0x0000000020000d60        0x4 /opt/st/stm32cubeide_1.0.2/plugins/com.st.stm32cube.ide.mcu.externaltools.gnu-tools-for-stm32.7-2018-q2-update.linux64_1.0.0.201904181610/tools/bin/../lib/gcc/arm-none-eabi/7.3.1/../../../../arm-none-eabi/lib/thumb/v7e-m/fpv4-sp/hard/libc_nano.a(lib_a-reent.o)
                0x0000000020000d60                errno
                0x0000000020000d64                . = ALIGN (0x4)
                0x0000000020000d64                _ebss = .
                0x0000000020000d64                __bss_end__ = _ebss

._user_heap_stack
                0x0000000020000d64      0x604 load address 0x000000000800921c
                0x0000000020000d68                . = ALIGN (0x8)
 *fill*         0x0000000020000d64        0x4 
                0x0000000020000d68                PROVIDE (end = .)
                [!provide]                        PROVIDE (_end = .)
                0x0000000020000f68                . = (. + _Min_Heap_Size)
 *fill*         0x0000000020000d68      0x200 
                0x0000000020001368                . = (. + _Min_Stack_Size)
 *fill*         0x0000000020000f68      0x400 
                0x0000000020001368                . = ALIGN (0x8)

/DISCARD/
 libc.a(*)
 libm.a(*)
 libgcc.a(*)

.ARM.attributes
                0x0000000000000000       0x30
 *(.ARM.attributes)
 .ARM.attributes
                0x0000000000000000       0x22 /opt/st/stm32cubeide_1.0.2/plugins/com.st.stm32cube.ide.mcu.externaltools.gnu-tools-for-stm32.7-2018-q2-update.linux64_1.0.0.201904181610/tools/bin/../lib/gcc/arm-none-eabi/7.3.1/thumb/v7e-m/fpv4-sp/hard/crti.o
 .ARM.attributes
                0x0000000000000022       0x34 /opt/st/stm32cubeide_1.0.2/plugins/com.st.stm32cube.ide.mcu.externaltools.gnu-tools-for-stm32.7-2018-q2-update.linux64_1.0.0.201904181610/tools/bin/../lib/gcc/arm-none-eabi/7.3.1/thumb/v7e-m/fpv4-sp/hard/crtbegin.o
 .ARM.attributes
                0x0000000000000056       0x39 Drivers/STM32F4xx_HAL_Driver/Src/stm32f4xx_hal.o
 .ARM.attributes
                0x000000000000008f       0x39 Drivers/STM32F4xx_HAL_Driver/Src/stm32f4xx_hal_cortex.o
 .ARM.attributes
                0x00000000000000c8       0x39 Drivers/STM32F4xx_HAL_Driver/Src/stm32f4xx_hal_dma.o
 .ARM.attributes
                0x0000000000000101       0x39 Drivers/STM32F4xx_HAL_Driver/Src/stm32f4xx_hal_gpio.o
 .ARM.attributes
                0x000000000000013a       0x39 Drivers/STM32F4xx_HAL_Driver/Src/stm32f4xx_hal_pwr_ex.o
 .ARM.attributes
                0x0000000000000173       0x39 Drivers/STM32F4xx_HAL_Driver/Src/stm32f4xx_hal_rcc.o
 .ARM.attributes
                0x00000000000001ac       0x39 Drivers/STM32F4xx_HAL_Driver/Src/stm32f4xx_hal_rcc_ex.o
 .ARM.attributes
                0x00000000000001e5       0x39 Drivers/STM32F4xx_HAL_Driver/Src/stm32f4xx_hal_tim.o
 .ARM.attributes
                0x000000000000021e       0x39 Drivers/STM32F4xx_HAL_Driver/Src/stm32f4xx_hal_tim_ex.o
 .ARM.attributes
                0x0000000000000257       0x39 Drivers/STM32F4xx_HAL_Driver/Src/stm32f4xx_hal_uart.o
 .ARM.attributes
                0x0000000000000290       0x39 Inc/time.o
 .ARM.attributes
                0x00000000000002c9       0x39 Src/main.o
 .ARM.attributes
                0x0000000000000302       0x39 Src/mainpp.o
 .ARM.attributes
                0x000000000000033b       0x39 Src/stm32f4xx_hal_msp.o
 .ARM.attributes
                0x0000000000000374       0x39 Src/stm32f4xx_it.o
 .ARM.attributes
                0x00000000000003ad       0x39 Src/syscalls.o
 .ARM.attributes
                0x00000000000003e6       0x39 Src/sysmem.o
 .ARM.attributes
                0x000000000000041f       0x39 Src/system_stm32f4xx.o
 .ARM.attributes
                0x0000000000000458       0x21 Startup/startup_stm32f446retx.o
 .ARM.attributes
                0x0000000000000479       0x34 /opt/st/stm32cubeide_1.0.2/plugins/com.st.stm32cube.ide.mcu.externaltools.gnu-tools-for-stm32.7-2018-q2-update.linux64_1.0.0.201904181610/tools/bin/../lib/gcc/arm-none-eabi/7.3.1/../../../../arm-none-eabi/lib/thumb/v7e-m/fpv4-sp/hard/libstdc++_nano.a(pure.o)
 .ARM.attributes
                0x00000000000004ad       0x34 /opt/st/stm32cubeide_1.0.2/plugins/com.st.stm32cube.ide.mcu.externaltools.gnu-tools-for-stm32.7-2018-q2-update.linux64_1.0.0.201904181610/tools/bin/../lib/gcc/arm-none-eabi/7.3.1/../../../../arm-none-eabi/lib/thumb/v7e-m/fpv4-sp/hard/libstdc++_nano.a(eh_terminate.o)
 .ARM.attributes
                0x00000000000004e1       0x34 /opt/st/stm32cubeide_1.0.2/plugins/com.st.stm32cube.ide.mcu.externaltools.gnu-tools-for-stm32.7-2018-q2-update.linux64_1.0.0.201904181610/tools/bin/../lib/gcc/arm-none-eabi/7.3.1/../../../../arm-none-eabi/lib/thumb/v7e-m/fpv4-sp/hard/libstdc++_nano.a(eh_term_handler.o)
 .ARM.attributes
                0x0000000000000515       0x34 /opt/st/stm32cubeide_1.0.2/plugins/com.st.stm32cube.ide.mcu.externaltools.gnu-tools-for-stm32.7-2018-q2-update.linux64_1.0.0.201904181610/tools/bin/../lib/gcc/arm-none-eabi/7.3.1/../../../../arm-none-eabi/lib/thumb/v7e-m/fpv4-sp/hard/libc_nano.a(lib_a-abort.o)
 .ARM.attributes
                0x0000000000000549       0x34 /opt/st/stm32cubeide_1.0.2/plugins/com.st.stm32cube.ide.mcu.externaltools.gnu-tools-for-stm32.7-2018-q2-update.linux64_1.0.0.201904181610/tools/bin/../lib/gcc/arm-none-eabi/7.3.1/../../../../arm-none-eabi/lib/thumb/v7e-m/fpv4-sp/hard/libc_nano.a(lib_a-errno.o)
 .ARM.attributes
                0x000000000000057d       0x34 /opt/st/stm32cubeide_1.0.2/plugins/com.st.stm32cube.ide.mcu.externaltools.gnu-tools-for-stm32.7-2018-q2-update.linux64_1.0.0.201904181610/tools/bin/../lib/gcc/arm-none-eabi/7.3.1/../../../../arm-none-eabi/lib/thumb/v7e-m/fpv4-sp/hard/libc_nano.a(lib_a-impure.o)
 .ARM.attributes
                0x00000000000005b1       0x34 /opt/st/stm32cubeide_1.0.2/plugins/com.st.stm32cube.ide.mcu.externaltools.gnu-tools-for-stm32.7-2018-q2-update.linux64_1.0.0.201904181610/tools/bin/../lib/gcc/arm-none-eabi/7.3.1/../../../../arm-none-eabi/lib/thumb/v7e-m/fpv4-sp/hard/libc_nano.a(lib_a-init.o)
 .ARM.attributes
                0x00000000000005e5       0x34 /opt/st/stm32cubeide_1.0.2/plugins/com.st.stm32cube.ide.mcu.externaltools.gnu-tools-for-stm32.7-2018-q2-update.linux64_1.0.0.201904181610/tools/bin/../lib/gcc/arm-none-eabi/7.3.1/../../../../arm-none-eabi/lib/thumb/v7e-m/fpv4-sp/hard/libc_nano.a(lib_a-malloc.o)
 .ARM.attributes
                0x0000000000000619       0x34 /opt/st/stm32cubeide_1.0.2/plugins/com.st.stm32cube.ide.mcu.externaltools.gnu-tools-for-stm32.7-2018-q2-update.linux64_1.0.0.201904181610/tools/bin/../lib/gcc/arm-none-eabi/7.3.1/../../../../arm-none-eabi/lib/thumb/v7e-m/fpv4-sp/hard/libc_nano.a(lib_a-memcpy-stub.o)
 .ARM.attributes
                0x000000000000064d       0x34 /opt/st/stm32cubeide_1.0.2/plugins/com.st.stm32cube.ide.mcu.externaltools.gnu-tools-for-stm32.7-2018-q2-update.linux64_1.0.0.201904181610/tools/bin/../lib/gcc/arm-none-eabi/7.3.1/../../../../arm-none-eabi/lib/thumb/v7e-m/fpv4-sp/hard/libc_nano.a(lib_a-memset.o)
 .ARM.attributes
                0x0000000000000681       0x34 /opt/st/stm32cubeide_1.0.2/plugins/com.st.stm32cube.ide.mcu.externaltools.gnu-tools-for-stm32.7-2018-q2-update.linux64_1.0.0.201904181610/tools/bin/../lib/gcc/arm-none-eabi/7.3.1/../../../../arm-none-eabi/lib/thumb/v7e-m/fpv4-sp/hard/libc_nano.a(lib_a-nano-freer.o)
 .ARM.attributes
                0x00000000000006b5       0x34 /opt/st/stm32cubeide_1.0.2/plugins/com.st.stm32cube.ide.mcu.externaltools.gnu-tools-for-stm32.7-2018-q2-update.linux64_1.0.0.201904181610/tools/bin/../lib/gcc/arm-none-eabi/7.3.1/../../../../arm-none-eabi/lib/thumb/v7e-m/fpv4-sp/hard/libc_nano.a(lib_a-nano-mallocr.o)
 .ARM.attributes
                0x00000000000006e9       0x34 /opt/st/stm32cubeide_1.0.2/plugins/com.st.stm32cube.ide.mcu.externaltools.gnu-tools-for-stm32.7-2018-q2-update.linux64_1.0.0.201904181610/tools/bin/../lib/gcc/arm-none-eabi/7.3.1/../../../../arm-none-eabi/lib/thumb/v7e-m/fpv4-sp/hard/libc_nano.a(lib_a-realloc.o)
 .ARM.attributes
                0x000000000000071d       0x34 /opt/st/stm32cubeide_1.0.2/plugins/com.st.stm32cube.ide.mcu.externaltools.gnu-tools-for-stm32.7-2018-q2-update.linux64_1.0.0.201904181610/tools/bin/../lib/gcc/arm-none-eabi/7.3.1/../../../../arm-none-eabi/lib/thumb/v7e-m/fpv4-sp/hard/libc_nano.a(lib_a-sbrkr.o)
 .ARM.attributes
                0x0000000000000751       0x34 /opt/st/stm32cubeide_1.0.2/plugins/com.st.stm32cube.ide.mcu.externaltools.gnu-tools-for-stm32.7-2018-q2-update.linux64_1.0.0.201904181610/tools/bin/../lib/gcc/arm-none-eabi/7.3.1/../../../../arm-none-eabi/lib/thumb/v7e-m/fpv4-sp/hard/libc_nano.a(lib_a-signal.o)
 .ARM.attributes
                0x0000000000000785       0x34 /opt/st/stm32cubeide_1.0.2/plugins/com.st.stm32cube.ide.mcu.externaltools.gnu-tools-for-stm32.7-2018-q2-update.linux64_1.0.0.201904181610/tools/bin/../lib/gcc/arm-none-eabi/7.3.1/../../../../arm-none-eabi/lib/thumb/v7e-m/fpv4-sp/hard/libc_nano.a(lib_a-signalr.o)
 .ARM.attributes
                0x00000000000007b9       0x1b /opt/st/stm32cubeide_1.0.2/plugins/com.st.stm32cube.ide.mcu.externaltools.gnu-tools-for-stm32.7-2018-q2-update.linux64_1.0.0.201904181610/tools/bin/../lib/gcc/arm-none-eabi/7.3.1/../../../../arm-none-eabi/lib/thumb/v7e-m/fpv4-sp/hard/libc_nano.a(lib_a-strlen.o)
 .ARM.attributes
                0x00000000000007d4       0x34 /opt/st/stm32cubeide_1.0.2/plugins/com.st.stm32cube.ide.mcu.externaltools.gnu-tools-for-stm32.7-2018-q2-update.linux64_1.0.0.201904181610/tools/bin/../lib/gcc/arm-none-eabi/7.3.1/../../../../arm-none-eabi/lib/thumb/v7e-m/fpv4-sp/hard/libc_nano.a(lib_a-mlock.o)
 .ARM.attributes
                0x0000000000000808       0x34 /opt/st/stm32cubeide_1.0.2/plugins/com.st.stm32cube.ide.mcu.externaltools.gnu-tools-for-stm32.7-2018-q2-update.linux64_1.0.0.201904181610/tools/bin/../lib/gcc/arm-none-eabi/7.3.1/../../../../arm-none-eabi/lib/thumb/v7e-m/fpv4-sp/hard/libc_nano.a(lib_a-nano-reallocr.o)
 .ARM.attributes
                0x000000000000083c       0x34 /opt/st/stm32cubeide_1.0.2/plugins/com.st.stm32cube.ide.mcu.externaltools.gnu-tools-for-stm32.7-2018-q2-update.linux64_1.0.0.201904181610/tools/bin/../lib/gcc/arm-none-eabi/7.3.1/../../../../arm-none-eabi/lib/thumb/v7e-m/fpv4-sp/hard/libc_nano.a(lib_a-reent.o)
 .ARM.attributes
                0x0000000000000870       0x34 /opt/st/stm32cubeide_1.0.2/plugins/com.st.stm32cube.ide.mcu.externaltools.gnu-tools-for-stm32.7-2018-q2-update.linux64_1.0.0.201904181610/tools/bin/../lib/gcc/arm-none-eabi/7.3.1/../../../../arm-none-eabi/lib/thumb/v7e-m/fpv4-sp/hard/libc_nano.a(lib_a-nano-msizer.o)
 .ARM.attributes
                0x00000000000008a4       0x22 /opt/st/stm32cubeide_1.0.2/plugins/com.st.stm32cube.ide.mcu.externaltools.gnu-tools-for-stm32.7-2018-q2-update.linux64_1.0.0.201904181610/tools/bin/../lib/gcc/arm-none-eabi/7.3.1/thumb/v7e-m/fpv4-sp/hard/libgcc.a(_arm_addsubdf3.o)
 .ARM.attributes
                0x00000000000008c6       0x22 /opt/st/stm32cubeide_1.0.2/plugins/com.st.stm32cube.ide.mcu.externaltools.gnu-tools-for-stm32.7-2018-q2-update.linux64_1.0.0.201904181610/tools/bin/../lib/gcc/arm-none-eabi/7.3.1/thumb/v7e-m/fpv4-sp/hard/libgcc.a(_arm_muldivdf3.o)
 .ARM.attributes
                0x00000000000008e8       0x22 /opt/st/stm32cubeide_1.0.2/plugins/com.st.stm32cube.ide.mcu.externaltools.gnu-tools-for-stm32.7-2018-q2-update.linux64_1.0.0.201904181610/tools/bin/../lib/gcc/arm-none-eabi/7.3.1/thumb/v7e-m/fpv4-sp/hard/libgcc.a(_arm_cmpdf2.o)
 .ARM.attributes
                0x000000000000090a       0x22 /opt/st/stm32cubeide_1.0.2/plugins/com.st.stm32cube.ide.mcu.externaltools.gnu-tools-for-stm32.7-2018-q2-update.linux64_1.0.0.201904181610/tools/bin/../lib/gcc/arm-none-eabi/7.3.1/thumb/v7e-m/fpv4-sp/hard/libgcc.a(_arm_fixdfsi.o)
 .ARM.attributes